#v2
#engine	3.6.0
#root	Resources
#total	1919023472
#chunks	572
C	Battle-Landscape_new-4thLibrary	Resources/Battle/Landscape_new/4thLibrary	263295	382b194118f96d8c18333f40b5414097	
C	Battle-Landscape_new-BridgeParts	Resources/Battle/Landscape_new/BridgeParts	2485124	070161ea3d2cfd9de0f10fcdaf0452bf	
C	Battle-Landscape_new-BrokenBottom	Resources/Battle/Landscape_new/BrokenBottom	708570	8b08a20c3a344e1d41ab89172442e213	
C	Battle-Landscape_new-BrokenRoof	Resources/Battle/Landscape_new/BrokenRoof	2176586	c5fb34bf057e1bff12b301ff25b39f9e	
C	Battle-Landscape_new-BrokenWalls	Resources/Battle/Landscape_new/BrokenWalls	2902651	edd80e84565a1eb1680d51e428a4dded	
C	Battle-Landscape_new-Bush	Resources/Battle/Landscape_new/Bush	894999	693327ce2f15746cacfcd6c1a139ab9b	
C	Battle-Landscape_new-BushWinter	Resources/Battle/Landscape_new/BushWinter	568538	31ef2f730033d50d57db14ad4b4c93ba	
C	Battle-Landscape_new-CityBuildings	Resources/Battle/Landscape_new/CityBuildings	2869875	a7c927660609713aaab24ce4aebdfc49	
C	Battle-Landscape_new-CityBuildingsWinter	Resources/Battle/Landscape_new/CityBuildingsWinter	2628511	1bf26cb467f120721401a4338d0d9dca	
C	Battle-Landscape_new-CityBuilds	Resources/Battle/Landscape_new/CityBuilds	1112685	215625b62733761f86242d81b1f78669	
C	Battle-Landscape_new-CityBuildsWinter	Resources/Battle/Landscape_new/CityBuildsWinter	1240402	c8a49d45bd21203a5cb76d89a558e5ed	
C	Battle-Landscape_new-Cliffs	Resources/Battle/Landscape_new/Cliffs	3170966	dae85038c90b25057d40877ddb3b491d	
C	Battle-Landscape_new-CliffsWinter	Resources/Battle/Landscape_new/CliffsWinter	2624429	ff7c446388d028c42eceb5e700f8341e	
C	Battle-Landscape_new-ComBuild	Resources/Battle/Landscape_new/ComBuild	5669675	1eff170e58a495450d5e2536c1279a37	
C	Battle-Landscape_new-ConcreteTiles	Resources/Battle/Landscape_new/ConcreteTiles	7891125	a7d85a39295744866928a9dd169e1c88	
C	Battle-Landscape_new-ConcreteTilesWinter	Resources/Battle/Landscape_new/ConcreteTilesWinter	9083546	dc99e827432e3570acf87d4b06683f3e	
C	Battle-Landscape_new-ConcreteWalls	Resources/Battle/Landscape_new/ConcreteWalls	1614332	d5e2c91a47c1f2daa14e3857ee5b25f7	
C	Battle-Landscape_new-Defense	Resources/Battle/Landscape_new/Defense	4478570	caede38d8c47b7a1fa892b981126073d	
C	Battle-Landscape_new-DesertHouses	Resources/Battle/Landscape_new/DesertHouses	1198730	b82d2b208190f58c0f2e118937d55dba	
C	Battle-Landscape_new-Exterior	Resources/Battle/Landscape_new/Exterior	3746254	50c7d70469636e69fefb41b7b0d68a3c	
C	Battle-Landscape_new-FachwerkHouse1	Resources/Battle/Landscape_new/FachwerkHouse1	1390987	dc7f06d8fe953f3fd39813f34cc85007	
C	Battle-Landscape_new-FachwerkHouse2	Resources/Battle/Landscape_new/FachwerkHouse2	1283109	ab3f703cc0addc31419b9ae080251fec	
C	Battle-Landscape_new-Fence	Resources/Battle/Landscape_new/Fence	1103206	1d17cc500c9f8f8f8348725e74503015	
C	Battle-Landscape_new-Flags	Resources/Battle/Landscape_new/Flags	1073669	21082071cea6d5453feaa736e6b9fd8f	
C	Battle-Landscape_new-Fort	Resources/Battle/Landscape_new/Fort	16329971	6f7ef35c97d05c294827c9a89dc98640	
C	Battle-Landscape_new-Gold	Resources/Battle/Landscape_new/Gold	1327637	302b69eca636079644503d63f11c2664	
C	Battle-Landscape_new-GrassTiles	Resources/Battle/Landscape_new/GrassTiles	7910709	7dab1f7c00d5bc362fd325a1839afd30	
C	Battle-Landscape_new-GrassTilesWinter	Resources/Battle/Landscape_new/GrassTilesWinter	5466286	2ccabc5a2ee36fc6eef3ea7b0c1f9100	
C	Battle-Landscape_new-Halloween	Resources/Battle/Landscape_new/Halloween	4686888	e1b485444d4649643bcaf467f85a4f15	
C	Battle-Landscape_new-HangarT	Resources/Battle/Landscape_new/HangarT	2190851	1128a4cd4260edc3729edaca99ccf865	
C	Battle-Landscape_new-Hangars	Resources/Battle/Landscape_new/Hangars	1698161	3bb92380583dd21644d3e6fea915f3b5	
C	Battle-Landscape_new-IndustrialBridge	Resources/Battle/Landscape_new/IndustrialBridge	2647751	15b5fa0265e5c8514090cb6af4241efb	
C	Battle-Landscape_new-IndustrialElements	Resources/Battle/Landscape_new/IndustrialElements	1794267	ddc04fe127ea3bd24a79947062cfa2e3	
C	Battle-Landscape_new-IranKahgel	Resources/Battle/Landscape_new/IranKahgel	17828824	3cef35caddde54aff4f78188b4f8a0f1	
C	Battle-Landscape_new-IranKariz	Resources/Battle/Landscape_new/IranKariz	6930196	5896dbc60d2fd0410720619e6ca67fbc	
C	Battle-Landscape_new-IranYonje	Resources/Battle/Landscape_new/IranYonje	2418270	9a8458110c889d2144408ab064f28ef3	
C	Battle-Landscape_new-Iranzamin	Resources/Battle/Landscape_new/Iranzamin	4025747	02624c161d4776531a3e2d7a935ccdd3	
C	Battle-Landscape_new-LandHills	Resources/Battle/Landscape_new/LandHills	12764000	269d20ec9cf1e7f795a4550e7f1384f2	
C	Battle-Landscape_new-LandRise	Resources/Battle/Landscape_new/LandRise	5591750	2cbba8ba0610106b60405f62f0997082	
C	Battle-Landscape_new-LandRocks	Resources/Battle/Landscape_new/LandRocks	5489329	60e8b694f56f3b39acb9ca80e4c0be1d	
C	Battle-Landscape_new-LandTiles	Resources/Battle/Landscape_new/LandTiles	6903687	ef0bf2b596f9f4f470573bdbe79b9f9c	
C	Battle-Landscape_new-Mine	Resources/Battle/Landscape_new/Mine	465050	6e6d5de2e9a6455e6d2f1f58f5a0e3bf	
C	Battle-Landscape_new-NY	Resources/Battle/Landscape_new/NY	902303	c6e6ff662c9852e96f525cfbda706664	
C	Battle-Landscape_new-NuBu1	Resources/Battle/Landscape_new/NuBu1	2580716	59daa9c1b974aa8fbcc28501ca3699c2	
C	Battle-Landscape_new-NuBu10	Resources/Battle/Landscape_new/NuBu10	1782150	898c1f1579028aad028b1f23c8e6756e	
C	Battle-Landscape_new-NuBu12	Resources/Battle/Landscape_new/NuBu12	1209108	d3b3fcddf51bfd8b27e18bbbaff9f748	
C	Battle-Landscape_new-NuBu14	Resources/Battle/Landscape_new/NuBu14	1963334	500953a98bb9ecaafa74a73fd8c38090	
C	Battle-Landscape_new-NuBu2	Resources/Battle/Landscape_new/NuBu2	1464740	4a55bd0731da2721f4eb09fa5dc28db5	
C	Battle-Landscape_new-NuBu3	Resources/Battle/Landscape_new/NuBu3	1330236	28cf341c14a7bf06d2814e9e32bff8fb	
C	Battle-Landscape_new-NuBu4	Resources/Battle/Landscape_new/NuBu4	1036332	697e589333113d528efc6e4959bf872a	
C	Battle-Landscape_new-NuBu5	Resources/Battle/Landscape_new/NuBu5	2173140	e186b668d49be68e4861fb341343e473	
C	Battle-Landscape_new-NuBu6	Resources/Battle/Landscape_new/NuBu6	1822884	a343ff7688eb7d9408ca5ab8a67bba9a	
C	Battle-Landscape_new-NuBu8	Resources/Battle/Landscape_new/NuBu8	1524424	b379989215e7091b675ec985d6cbb4fb	
C	Battle-Landscape_new-NuBu9	Resources/Battle/Landscape_new/NuBu9	652722	4fb6ce8d160651ac34c853af1c9ca5b9	
C	Battle-Landscape_new-OuterWalls	Resources/Battle/Landscape_new/OuterWalls	1879600	3e754f76ee126293e51f642450e46218	
C	Battle-Landscape_new-Passage	Resources/Battle/Landscape_new/Passage	7251356	ee1ed6ea93f16158a3424ded0fb3b293	
C	Battle-Landscape_new-Plants	Resources/Battle/Landscape_new/Plants	543609	2004e11e1c9d9d4ce16d656482e18173	
C	Battle-Landscape_new-Promotion	Resources/Battle/Landscape_new/Promotion	2183135	54d8cd0b2ffb9fe1dbb3018ae246fb07	
C	Battle-Landscape_new-PromotionTest	Resources/Battle/Landscape_new/PromotionTest	1412609	f78af47a7299a855fe7823760e146a54	
C	Battle-Landscape_new-PromotionWinter	Resources/Battle/Landscape_new/PromotionWinter	1412638	0f466e5de23d1f89833bf6911293b8e5	
C	Battle-Landscape_new-Roadblock	Resources/Battle/Landscape_new/Roadblock	1074265	e0f47b27c13256195b48834fd249d8af	
C	Battle-Landscape_new-RoadblockWinter	Resources/Battle/Landscape_new/RoadblockWinter	1074392	356bda7e8e1b1a416c021887f6d12dfe	
C	Battle-Landscape_new-SlopesRises	Resources/Battle/Landscape_new/SlopesRises	1512167	46c15e13ffda859a9aa3ae7b4d581da8	
C	Battle-Landscape_new-SlopesRisesWinter	Resources/Battle/Landscape_new/SlopesRisesWinter	1946396	c8d06ad66eefb0fe3a8b4ffbf1eb4236	
C	Battle-Landscape_new-SmallBridge	Resources/Battle/Landscape_new/SmallBridge	2151079	69e931bc7d0790cda82a07ee61a50d0e	
C	Battle-Landscape_new-SmallBridgeWinter	Resources/Battle/Landscape_new/SmallBridgeWinter	2505328	3a9d6f4396fccebc2b52381c776e6024	
C	Battle-Landscape_new-Stuffs	Resources/Battle/Landscape_new/Stuffs	1810600	54debece70a86d4fd5975c0703a5474d	
C	Battle-Landscape_new-StuffsWinter	Resources/Battle/Landscape_new/StuffsWinter	1951515	6eb46629b27d7ca331f47cc6db6c4003	
C	Battle-Landscape_new-Terrain	Resources/Battle/Landscape_new/Terrain	5353246	b7059e7ffb66f832b64c42e3c021502c	
C	Battle-Landscape_new-Trees	Resources/Battle/Landscape_new/Trees	532674	7801b67415fddcfdf3450d1482558b42	
C	Battle-Landscape_new-TutorialHangar	Resources/Battle/Landscape_new/TutorialHangar	2748929	9c11f14c18f8985049dfc5e8f4b1c5a2	
C	Battle-Landscape_new-Tutorial_Builds	Resources/Battle/Landscape_new/Tutorial_Builds	25125290	9a591c7f1b3c43c0d37001e508b97dfc	
C	Battle-Landscape_new-Tutorial_Builds-p2	Resources/Battle/Landscape_new/Tutorial_Builds	5597051	78890ae8c8c3840edd375cfa73fa5969	
C	Battle-Landscape_new-Tutorial_Landscape	Resources/Battle/Landscape_new/Tutorial_Landscape	25097751	3c2d5b512d7cdcf310ee9e9acbe49c22	
C	Battle-Landscape_new-Tutorial_Landscape-p2	Resources/Battle/Landscape_new/Tutorial_Landscape	306322	40bbd9239eece0bcfea6dd3ae950d14b	
C	Battle-Landscape_new-VillageBuilds	Resources/Battle/Landscape_new/VillageBuilds	1795700	45ade4db8bfe43a63dcb576c8e3e24f6	
C	Battle-Landscape_new-VillageBuildsWinter	Resources/Battle/Landscape_new/VillageBuildsWinter	2098363	d5b65994505e5fd6d9bdd7bcc1f5ae61	
C	Battle-Landscape_new-WaffleFence	Resources/Battle/Landscape_new/WaffleFence	670272	e3b77bd6c38face619d62959fe7890d8	
C	Battle-Landscape_new-WaterClass	Resources/Battle/Landscape_new/WaterClass	1806038	5f243e85d53a491c797d2cd95e852636	
C	Battle-Landscape_new-water	Resources/Battle/Landscape_new/water	2096969	83719fc8ec3f59d1ad2893924583f4e1	
C	Battle-Landscape_old-Billboard	Resources/Battle/Landscape_old/Billboard	4215053	55e60ee24f1336ee60c2d5a4631e5245	
C	Battle-Landscape_old-BillboardWinter	Resources/Battle/Landscape_old/BillboardWinter	4186950	5f8a7ea09cc2a670ae958772e2a19175	
C	Battle-Landscape_old-BridgeParts	Resources/Battle/Landscape_old/BridgeParts	4292076	0c7376976f4e42ae641210e50c33e1c9	
C	Battle-Landscape_old-BridgePartsWinter	Resources/Battle/Landscape_old/BridgePartsWinter	4548287	15726e355515813752de37241f6548b9	
C	Battle-Landscape_old-BrokenBottom	Resources/Battle/Landscape_old/BrokenBottom	1580525	ba25a596a23beb59cb270b5d97e9e9a6	
C	Battle-Landscape_old-BrokenBottomWinter	Resources/Battle/Landscape_old/BrokenBottomWinter	1637166	03351b6e8a241477d95084c1c5d3138d	
C	Battle-Landscape_old-BrokenRoof	Resources/Battle/Landscape_old/BrokenRoof	2605368	6a0b20e75480a8dcaf3966852ae0c9e8	
C	Battle-Landscape_old-BrokenRoofWinter	Resources/Battle/Landscape_old/BrokenRoofWinter	3043953	8095c81443a5d79b76f889b71b4603fa	
C	Battle-Landscape_old-BrokenWalls	Resources/Battle/Landscape_old/BrokenWalls	5690140	0525bcd054173824883ff3fb603129d4	
C	Battle-Landscape_old-BrokenWallsWinter	Resources/Battle/Landscape_old/BrokenWallsWinter	5873579	1a75d393b6860d23979ba4b0f25e624f	
C	Battle-Landscape_old-CityBuildings	Resources/Battle/Landscape_old/CityBuildings	6318580	9219fc6faede810962b2102697514e18	
C	Battle-Landscape_old-CityBuildingsWinter	Resources/Battle/Landscape_old/CityBuildingsWinter	7173549	673646cc2bf268e968efcd5d2a1cca3e	
C	Battle-Landscape_old-CityTowers	Resources/Battle/Landscape_old/CityTowers	2782373	75609e9c531c61f3c12bf01d5883568f	
C	Battle-Landscape_old-CityTowersWinter	Resources/Battle/Landscape_old/CityTowersWinter	2720084	880d6ef666c97a7b17cf41eab345c7c4	
C	Battle-Landscape_old-CityWalls	Resources/Battle/Landscape_old/CityWalls	1606799	f31f7233b6ab5565ba0530b3a3ea0834	
C	Battle-Landscape_old-CityWallsWinter	Resources/Battle/Landscape_old/CityWallsWinter	1527992	ff87379f926958cf553e7e2c6db0e59c	
C	Battle-Landscape_old-Cliffs	Resources/Battle/Landscape_old/Cliffs	2879956	f750c87e1c4690fd8edccad67faede98	
C	Battle-Landscape_old-CliffsWinter	Resources/Battle/Landscape_old/CliffsWinter	2710421	7b64e57e1cabd54de02962fd5611543c	
C	Battle-Landscape_old-ComBuild	Resources/Battle/Landscape_old/ComBuild	12441420	421a51b6e46dd445ea5c1677d26a0678	
C	Battle-Landscape_old-ConcreteTiles	Resources/Battle/Landscape_old/ConcreteTiles	1970049	a11d6375aa80cbb2f622db689e363988	
C	Battle-Landscape_old-ConcreteTilesWinter	Resources/Battle/Landscape_old/ConcreteTilesWinter	1899410	4e1ce520b75fcb5bfaa76cd321b07cf8	
C	Battle-Landscape_old-Defense	Resources/Battle/Landscape_old/Defense	24881866	0f44f9879aa3099b986603f1fbcf9713	
C	Battle-Landscape_old-Defense-p2	Resources/Battle/Landscape_old/Defense	24876996	9960e7c7ff58804ceec3f648db618c91	
C	Battle-Landscape_old-Defense-p3	Resources/Battle/Landscape_old/Defense	824759	1917fcb9987ecd702814541cf4a0d561	
C	Battle-Landscape_old-DesertHouses	Resources/Battle/Landscape_old/DesertHouses	2274955	44f3a37d3eb4559466901ae8c42ff5ab	
C	Battle-Landscape_old-DesertHousesWinter	Resources/Battle/Landscape_old/DesertHousesWinter	2363954	d3f9e7a57079498966ff224eb22f219d	
C	Battle-Landscape_old-Exterior	Resources/Battle/Landscape_old/Exterior	18771547	fd650dcdfec5dcd07d33cf8b7789816b	
C	Battle-Landscape_old-FachwerkHouse1	Resources/Battle/Landscape_old/FachwerkHouse1	2580833	14e5f73782a4df582685b787f954c911	
C	Battle-Landscape_old-FachwerkHouse1Winter	Resources/Battle/Landscape_old/FachwerkHouse1Winter	2522056	184f26dee454b28ed37871a0dfb74eeb	
C	Battle-Landscape_old-FachwerkHouse2	Resources/Battle/Landscape_old/FachwerkHouse2	2203189	29d623d91ed9559f4c093388ecec1f4e	
C	Battle-Landscape_old-FachwerkHouse2Winter	Resources/Battle/Landscape_old/FachwerkHouse2Winter	2156122	fe217577906fe0d0957089f6b5c7bca4	
C	Battle-Landscape_old-Fort	Resources/Battle/Landscape_old/Fort	24055735	8761d8883752721463ad426cc37dfe72	
C	Battle-Landscape_old-Fort-p2	Resources/Battle/Landscape_old/Fort	23982278	304059e845d2f534f8c831607935a679	
C	Battle-Landscape_old-FortWinter	Resources/Battle/Landscape_old/FortWinter	24055749	24fe0595a5e95cb67ea47644ca8d8752	
C	Battle-Landscape_old-FortWinter-p2	Resources/Battle/Landscape_old/FortWinter	21830047	7ce30f4fe51d33f5b07d4beb966294ab	
C	Battle-Landscape_old-GrassTiles	Resources/Battle/Landscape_old/GrassTiles	2169947	8d1b8214ac517d998632475b1c16642b	
C	Battle-Landscape_old-GrassTilesWinter	Resources/Battle/Landscape_old/GrassTilesWinter	1675624	132d2d1ff4d937846f7bf933411364b0	
C	Battle-Landscape_old-Halloween	Resources/Battle/Landscape_old/Halloween	12643335	215ddc6c97436e9d16300b7171d17529	
C	Battle-Landscape_old-Hangars	Resources/Battle/Landscape_old/Hangars	4142435	97284207c2829664132979cf659d6cc8	
C	Battle-Landscape_old-HangarsWinter	Resources/Battle/Landscape_old/HangarsWinter	4564864	98d12a582ded83b57fb84936c813972b	
C	Battle-Landscape_old-IndustrialBridge	Resources/Battle/Landscape_old/IndustrialBridge	11147498	e06e6e1348838719c6f1752343ac6b85	
C	Battle-Landscape_old-IndustrialBridgeWinter	Resources/Battle/Landscape_old/IndustrialBridgeWinter	6284107	f5d46568b5f7a9d9728f4806561a4c24	
C	Battle-Landscape_old-IndustrialElements	Resources/Battle/Landscape_old/IndustrialElements	1886337	f186a1dcb31bc1a4c6fa4801a63f83bc	
C	Battle-Landscape_old-IndustrialElementsWinter	Resources/Battle/Landscape_old/IndustrialElementsWinter	2014896	0e277576368b022d4ae019cd42c20bfe	
C	Battle-Landscape_old-Kahgel	Resources/Battle/Landscape_old/Kahgel	25169725	d58794693fd8bd861227721673334790	
C	Battle-Landscape_old-Kahgel-p2	Resources/Battle/Landscape_old/Kahgel	7143098	0b1f45079122c458cff688be7803ebde	
C	Battle-Landscape_old-Kariz	Resources/Battle/Landscape_old/Kariz	24068535	22b8783c91e3455096e3e98370973821	
C	Battle-Landscape_old-Kariz-p2	Resources/Battle/Landscape_old/Kariz	10865010	4e2a1e5daa5289f19db8ec13ca34111f	
C	Battle-Landscape_old-LandHills	Resources/Battle/Landscape_old/LandHills	23711280	cd4f41027af7ca13db5ce5ed945f9330	
C	Battle-Landscape_old-LandHills-p2	Resources/Battle/Landscape_old/LandHills	9612870	c231e153853da910efe78b1dbe95f01f	
C	Battle-Landscape_old-LandHillsWinter	Resources/Battle/Landscape_old/LandHillsWinter	23061238	015eefd86d91936080607cb6757ada58	
C	Battle-Landscape_old-LandHillsWinter-p2	Resources/Battle/Landscape_old/LandHillsWinter	9007737	24424f0c35afb2800fb881ad40b9e66b	
C	Battle-Landscape_old-LandRise	Resources/Battle/Landscape_old/LandRise	10322067	4b35188668228001daebf256f546390a	
C	Battle-Landscape_old-LandRiseWinter	Resources/Battle/Landscape_old/LandRiseWinter	9160936	037c8c6f9f2c0d0722cf786394f8d75a	
C	Battle-Landscape_old-LandRocks	Resources/Battle/Landscape_old/LandRocks	11331734	f2afdeeb83d24ca13e4a4eb36b0e7ca2	
C	Battle-Landscape_old-LandRocksWinter	Resources/Battle/Landscape_old/LandRocksWinter	9720818	f084ecb0c7f64a739cc3971558d1e543	
C	Battle-Landscape_old-LandTiles	Resources/Battle/Landscape_old/LandTiles	2746320	751e6e331883bdedf462098157f35b76	
C	Battle-Landscape_old-LandTilesWinter	Resources/Battle/Landscape_old/LandTilesWinter	3026727	321fc2abf5ffa2cef0a7178d15360e40	
C	Battle-Landscape_old-LandscapeWinter2	Resources/Battle/Landscape_old/LandscapeWinter2	15135949	d6841d67ce6ce65597d7284f6e935b8d	
C	Battle-Landscape_old-NY	Resources/Battle/Landscape_old/NY	5220279	8e6c422d1ad39f126506155fd4d68cde	
C	Battle-Landscape_old-NuBu1	Resources/Battle/Landscape_old/NuBu1	9046273	39f9bda721575c16558c0ccabec6bf89	
C	Battle-Landscape_old-NuBu10	Resources/Battle/Landscape_old/NuBu10	4152211	d1c4a0dbf08c93475c0b04e39132dafe	
C	Battle-Landscape_old-NuBu10Winter	Resources/Battle/Landscape_old/NuBu10Winter	4288208	11999861d2494fae3b27871a43ff303c	
C	Battle-Landscape_old-NuBu12	Resources/Battle/Landscape_old/NuBu12	3109827	ef0888207ae1565befae6d81ecb643b8	
C	Battle-Landscape_old-NuBu12Winter	Resources/Battle/Landscape_old/NuBu12Winter	2934742	547dcd0e8c9e7dc10a944c50c5982092	
C	Battle-Landscape_old-NuBu14	Resources/Battle/Landscape_old/NuBu14	8503491	d2535d9eca759fbe951e846529a09c25	
C	Battle-Landscape_old-NuBu14Winter	Resources/Battle/Landscape_old/NuBu14Winter	9066748	7a26e09ada5589699228bbfdb627c1cb	
C	Battle-Landscape_old-NuBu1Winter	Resources/Battle/Landscape_old/NuBu1Winter	8658152	87b0e0cb8cd31876147aa8fda6d35199	
C	Battle-Landscape_old-NuBu2	Resources/Battle/Landscape_old/NuBu2	4764791	5d549e6daa7c1fdebb82c53ec8fa6a0b	
C	Battle-Landscape_old-NuBu2Winter	Resources/Battle/Landscape_old/NuBu2Winter	4610368	b04209f7d54710be1d47301d23b45807	
C	Battle-Landscape_old-NuBu3	Resources/Battle/Landscape_old/NuBu3	3126855	0360406bd97978103a11e7b9bbe73221	
C	Battle-Landscape_old-NuBu3Winter	Resources/Battle/Landscape_old/NuBu3Winter	3281388	15e3da9ac4152ccaa989949600457bec	
C	Battle-Landscape_old-NuBu4	Resources/Battle/Landscape_old/NuBu4	2718641	b6c9db291cee2dbb628c681184e97f57	
C	Battle-Landscape_old-NuBu4Winter	Resources/Battle/Landscape_old/NuBu4Winter	2788040	592d678ebe4acc425868a632c3cff4e2	
C	Battle-Landscape_old-NuBu5	Resources/Battle/Landscape_old/NuBu5	5215891	d4de116d75489ea29767e6ea8e84b112	
C	Battle-Landscape_old-NuBu5Winter	Resources/Battle/Landscape_old/NuBu5Winter	4945084	f4ecd54b732c08899e935e3c3542043d	
C	Battle-Landscape_old-NuBu6	Resources/Battle/Landscape_old/NuBu6	3783202	cef0980a7f18a58c0746492a213c6a05	
C	Battle-Landscape_old-NuBu6Winter	Resources/Battle/Landscape_old/NuBu6Winter	3808715	cf9590e2a805665ae333de9affe641d0	
C	Battle-Landscape_old-NuBu8	Resources/Battle/Landscape_old/NuBu8	3749018	92d6bd3cfce9d680e94c8bf1ebecca8b	
C	Battle-Landscape_old-NuBu8Winter	Resources/Battle/Landscape_old/NuBu8Winter	3739773	aad8223da4b70ea51fdf712a25da4603	
C	Battle-Landscape_old-NuBu9	Resources/Battle/Landscape_old/NuBu9	1573402	3ac61208daa7dffd862f5d57667fd984	
C	Battle-Landscape_old-NuBu9Winter	Resources/Battle/Landscape_old/NuBu9Winter	1503561	ff6a4df8f7a64baee990c9551a650b24	
C	Battle-Landscape_old-OuterWalls	Resources/Battle/Landscape_old/OuterWalls	12147334	a1f55a4cbdb7c97351353c9690b022e3	
C	Battle-Landscape_old-OuterWallsWinter	Resources/Battle/Landscape_old/OuterWallsWinter	12188971	220ae7dc9ade4601e11f9b219dccc771	
C	Battle-Landscape_old-Passage	Resources/Battle/Landscape_old/Passage	22740544	890364fd4698de76ee9b31f4fa841df1	
C	Battle-Landscape_old-Passage-p2	Resources/Battle/Landscape_old/Passage	16872460	07b785a3e9c5ca89b5f4ba5e856c514a	
C	Battle-Landscape_old-RoadBlock	Resources/Battle/Landscape_old/RoadBlock	6181546	2969df494cbc8ec8a6845f8df057b466	
C	Battle-Landscape_old-RoadBlockWinter	Resources/Battle/Landscape_old/RoadBlockWinter	6286357	d00eb2a15c0f71b831e829faed11e9f8	
C	Battle-Landscape_old-SlopesRises	Resources/Battle/Landscape_old/SlopesRises	1257770	0390ebe5716e540e842aef924964444d	
C	Battle-Landscape_old-SlopesRisesWinter	Resources/Battle/Landscape_old/SlopesRisesWinter	1314625	63e5c72691129a9c569a9e75ca467d58	
C	Battle-Landscape_old-SmallBridge	Resources/Battle/Landscape_old/SmallBridge	3417812	e981f532a518648efec7531d083d6952	
C	Battle-Landscape_old-SmallBridgeWinter	Resources/Battle/Landscape_old/SmallBridgeWinter	3440791	ceee6d382e7dafd09fd584cecfb4b54f	
C	Battle-Landscape_old-Sprites	Resources/Battle/Landscape_old/Sprites	79182	4072bdb1f1554453cf32a18529445d9f	
C	Battle-Landscape_old-SpritesWinter	Resources/Battle/Landscape_old/SpritesWinter	76549	2fd3cc08f1615ebfeb2c8285f4318e77	
C	Battle-Landscape_old-SpritesWinter2	Resources/Battle/Landscape_old/SpritesWinter2	64246	c428bcbe7402a541d7f0d8cb1488a493	
C	Battle-Landscape_old-Stuffs	Resources/Battle/Landscape_old/Stuffs	3173881	9ce5b07ca2bdb8618b21433ca3043136	
C	Battle-Landscape_old-StuffsWinter	Resources/Battle/Landscape_old/StuffsWinter	3294598	8b0407f58e8996d755f63a31a45546e2	
C	Battle-Landscape_old-Trees	Resources/Battle/Landscape_old/Trees	576236	794a9ffea0de3c374b45b418d8974a54	
C	Battle-Landscape_old-TreesWinter	Resources/Battle/Landscape_old/TreesWinter	585609	5a78b2fb85aa40aa3c92c316e34a58e5	
C	Battle-Landscape_old-VillageHouses	Resources/Battle/Landscape_old/VillageHouses	4579634	21517580703cb2f7c2dc4be3c8e3244a	
C	Battle-Landscape_old-VillageHousesWinter	Resources/Battle/Landscape_old/VillageHousesWinter	4369548	ba8334f8ec28aeb613cff5e90a777e41	
C	Battle-Landscape_old-WaffleFence	Resources/Battle/Landscape_old/WaffleFence	972523	56c5c95e83927575bf04ce68662c32d5	
C	Battle-Landscape_old-WaffleFenceWinter	Resources/Battle/Landscape_old/WaffleFenceWinter	999894	487ade0367e790a49065de55101cc43d	
C	Battle-Landscape_old-Yonje	Resources/Battle/Landscape_old/Yonje	15142549	a2808db81874a3b8d4045931ab6c971e	
C	Battle-Landscape_old-Zamin	Resources/Battle/Landscape_old/Zamin	15250145	0c2846ba4889ec4c0da821555a09a78c	
C	GameResources-battle-bonus	Resources/GameResources/battle/bonus	10206	a3c728a8a05bf70ea7a10a210cba34fc	
C	GameResources-battle-bonusskin-armor	Resources/GameResources/battle/bonusskin/armor	451392	27e22f15b10d3c9688c08bde6a0ce9e9	
C	GameResources-battle-bonusskin-bounty	Resources/GameResources/battle/bonusskin/bounty	1647242	4b2aa5cfacb2759a5199278f184be66d	
C	GameResources-battle-bonusskin-common-20	Resources/GameResources/battle/bonusskin/common/20	12891905	afb2f09597810c94c5860d365b8f6506	
C	GameResources-battle-bonusskin-common-_files	Resources/GameResources/battle/bonusskin/common	2321	3f61c2a0a2bd554d5d525f824700400e	
C	GameResources-battle-bonusskin-common-new	Resources/GameResources/battle/bonusskin/common/new	12892941	9b1ae420851cec28b7079d1ef628dc57	
C	GameResources-battle-bonusskin-common-old	Resources/GameResources/battle/bonusskin/common/old	12891917	d8b000df598ecae1c2c2e66a4cb69c1e	
C	GameResources-battle-bonusskin-damage	Resources/GameResources/battle/bonusskin/damage	818441	7a8b0d690523eecc6354a59d13f927d3	
C	GameResources-battle-bonusskin-gold	Resources/GameResources/battle/bonusskin/gold	354744	93a683652b23d6c0f5fbd6803d7df468	
C	GameResources-battle-bonusskin-repair	Resources/GameResources/battle/bonusskin/repair	678248	bdbb2c866ce191bae8e4de43aa81a629	
C	GameResources-battle-bonusskin-speed	Resources/GameResources/battle/bonusskin/speed	792180	bf9d443138dfbc61695610dab01bc8e4	
C	GameResources-battle-bonusskin-supergold	Resources/GameResources/battle/bonusskin/supergold	382352	76ccc8905b9fb64a451ad71ff604db4d	
C	GameResources-battle-creature	Resources/GameResources/battle/creature	8497835	ffd99f851190556ac9543e166644a55c	
C	GameResources-battle-map	Resources/GameResources/battle/map	1110958	f7cded74c8eea6365a2e9280ca2e6833	
C	GameResources-battle-tank	Resources/GameResources/battle/tank	2470252	71445c65b366de198e03c823c09f237f	
C	GameResources-battle-ui	Resources/GameResources/battle/ui	2253	2b141e3ad75acf65ede6112a5c2b1fa8	
C	GameResources-garage-boosters	Resources/GameResources/garage/boosters	50126	f1e0a27b8a56e619ac654ffadd349344	
C	GameResources-garage-colormap-Axegao	Resources/GameResources/garage/colormap/Axegao	16060179	b174053f41a4001f17f26d0722be35cf	
C	GameResources-garage-colormap-UFO_color_2	Resources/GameResources/garage/colormap/UFO color 2	158853	10052810e8aabb7637ff51da0563625a	
C	GameResources-garage-colormap-UFO_event	Resources/GameResources/garage/colormap/UFO event	161002	317d7c05b81e70603dbcf954e1d03b7f	
C	GameResources-garage-colormap-acid	Resources/GameResources/garage/colormap/acid	93930	078a4c1d27018b7d640bbffd7bb0d7b8	
C	GameResources-garage-colormap-acid2	Resources/GameResources/garage/colormap/acid2	93932	4d7a2119df8cbe0d9cd7fd9c792e3eb9	
C	GameResources-garage-colormap-active_viewer	Resources/GameResources/garage/colormap/active_viewer	1411315	790fea6be5d627ee9e0cdc9282ad45d2	
C	GameResources-garage-colormap-adversity	Resources/GameResources/garage/colormap/adversity	1775131	48c0e84003c9417eaa5773418383dfa7	
C	GameResources-garage-colormap-africa	Resources/GameResources/garage/colormap/africa	60272	6607ec2e0caf4ae32bc49ff0a3b95117	
C	GameResources-garage-colormap-alien	Resources/GameResources/garage/colormap/alien	1215558	e0c505277b0b0b8030eb48238b6a8a78	
C	GameResources-garage-colormap-alien_abduction	Resources/GameResources/garage/colormap/alien_abduction	1826017	c75ec8181d13582f818634aacbe608b8	
C	GameResources-garage-colormap-alien_nebula	Resources/GameResources/garage/colormap/alien_nebula	1553296	b4cbc120062784ce8a6b371201691750	
C	GameResources-garage-colormap-alien_regeneration	Resources/GameResources/garage/colormap/alien_regeneration	1206636	4e80c13247842d3bae54c34ab5361b8a	
C	GameResources-garage-colormap-alien_skin	Resources/GameResources/garage/colormap/alien_skin	1350088	a12d7f4cc75b751cebe824576062301c	
C	GameResources-garage-colormap-alloy	Resources/GameResources/garage/colormap/alloy	1491483	356ade55a3a749a51f5d58ff7ec28fad	
C	GameResources-garage-colormap-amilia	Resources/GameResources/garage/colormap/amilia	89478	0f22da36c3c65fb09e3c12d9c53bfe6d	
C	GameResources-garage-colormap-anubis	Resources/GameResources/garage/colormap/anubis	313906	b3c41e2ce5d87f31ffc63bbb51b7032e	
C	GameResources-garage-colormap-arab	Resources/GameResources/garage/colormap/arab	69554	ff39472d42ad9d465c4bbdd0b3012417	
C	GameResources-garage-colormap-aramid	Resources/GameResources/garage/colormap/aramid	30372	06ab47c75574212367ce54cbda50e6d2	
C	GameResources-garage-colormap-atmospheric_conditions	Resources/GameResources/garage/colormap/atmospheric_conditions	1813196	7a4428f8ee1598fdad40536bb9cd6c51	
C	GameResources-garage-colormap-atom	Resources/GameResources/garage/colormap/atom	70824	f03eb22f09fa42d18296da7915a283cc	
C	GameResources-garage-colormap-autumn	Resources/GameResources/garage/colormap/autumn	415868	d63f13f4cdfd362eb9341186fa4ba16a	
C	GameResources-garage-colormap-badger-badger	Resources/GameResources/garage/colormap/badger-badger	2200027	36afb92d4e9af6c34aa7c7244d4b888d	
C	GameResources-garage-colormap-barbed_wire	Resources/GameResources/garage/colormap/barbed_wire	228021	3f92151d03b62f7e22ed4b6a4530ae08	
C	GameResources-garage-colormap-beating_hearts	Resources/GameResources/garage/colormap/beating_hearts	64219	9ca8fe87d40d0a31f0af48c4be022546	
C	GameResources-garage-colormap-beholder	Resources/GameResources/garage/colormap/beholder	394960	29e771696b7c60048ddb4bd9f112d107	
C	GameResources-garage-colormap-best_helper_2019	Resources/GameResources/garage/colormap/best_helper_2019	1016430	bfaf8e7e31d46142d2a2ba64878e699c	
C	GameResources-garage-colormap-besthelper	Resources/GameResources/garage/colormap/besthelper	25142	3ceba425e83124f8452978967aec6c11	
C	GameResources-garage-colormap-birdwatcher	Resources/GameResources/garage/colormap/birdwatcher	120126	cabe49f71541f88fc1e56f359475d4a7	
C	GameResources-garage-colormap-black	Resources/GameResources/garage/colormap/black	145402	395b8ac0151135d7e246afc94daa6b62	
C	GameResources-garage-colormap-black_ruby	Resources/GameResources/garage/colormap/black_ruby	201230	56c7e48c27a00e9eeb36d5a84705eb91	
C	GameResources-garage-colormap-black_sea	Resources/GameResources/garage/colormap/black_sea	964901	d9ba9d151128fb09c79d3076ec00ac76	
C	GameResources-garage-colormap-blacksmith	Resources/GameResources/garage/colormap/blacksmith	32626	76df8f8cc46b257a206565d426cc81b4	
C	GameResources-garage-colormap-blink	Resources/GameResources/garage/colormap/blink	1394230	72763871fc5729aebca6beff76aa218e	
C	GameResources-garage-colormap-blizzard	Resources/GameResources/garage/colormap/blizzard	29828	80ad41656cd92142aa8f371b35d3c60d	
C	GameResources-garage-colormap-blue	Resources/GameResources/garage/colormap/blue	11026	71e1f7947fcb60303ee0ea1876a48523	
C	GameResources-garage-colormap-blue_lilac	Resources/GameResources/garage/colormap/blue_lilac	1719210	ca7812c48b6368bbf14e7569b70b7de9	
C	GameResources-garage-colormap-blueray	Resources/GameResources/garage/colormap/blueray	2108575	4a96c0db0fdd8954c4ccbbb6f1435987	
C	GameResources-garage-colormap-bronze	Resources/GameResources/garage/colormap/bronze	4608347	082e53801d5838bd7824b03e6d786eec	
C	GameResources-garage-colormap-bronze_colors	Resources/GameResources/garage/colormap/bronze_colors	1475995	f6dfb15d6fc92108c50b4ad3cdce4b5d	
C	GameResources-garage-colormap-bubble_gum	Resources/GameResources/garage/colormap/bubble_gum	1732872	3907b73ac0142b01418ee60464862726	
C	GameResources-garage-colormap-bueno	Resources/GameResources/garage/colormap/bueno	100264	5d209baaefe6f33349b919dea303d4d2	
C	GameResources-garage-colormap-bunny	Resources/GameResources/garage/colormap/bunny	1209193	33f84f2ec4c7cf141302669bcce5d025	
C	GameResources-garage-colormap-burst_of_light	Resources/GameResources/garage/colormap/burst_of_light	1545256	f5fd60aa773be394bd9113e27dc97bfa	
C	GameResources-garage-colormap-busted	Resources/GameResources/garage/colormap/busted	1046412	d3e550c8714a2f84c4fca7d8a30565c0	
C	GameResources-garage-colormap-campfire	Resources/GameResources/garage/colormap/campfire	1881728	5b29d84661d8a59c6632c429b58e2e32	
C	GameResources-garage-colormap-canyon_hero	Resources/GameResources/garage/colormap/canyon_hero	130359	62650796a4a0d5bf52412bcd4889b6f1	
C	GameResources-garage-colormap-carbon	Resources/GameResources/garage/colormap/carbon	11562	3ddc56e479dfc57a6cd7d8564534bcc3	
C	GameResources-garage-colormap-carbon_stars	Resources/GameResources/garage/colormap/carbon_stars	2001760	a6fa7b0bfb1c22170bd90fb6166c8a48	
C	GameResources-garage-colormap-cathode_ray_tube	Resources/GameResources/garage/colormap/cathode_ray_tube	1499418	cec7d15d25c53153b00ccb17d05d66cd	
C	GameResources-garage-colormap-cedar	Resources/GameResources/garage/colormap/cedar	50110	e2c0b67b7762322738b031d3b656402f	
C	GameResources-garage-colormap-champion	Resources/GameResources/garage/colormap/champion	5422385	73067095c589d787864f41226e64933b	
C	GameResources-garage-colormap-champion2	Resources/GameResources/garage/colormap/champion2	148522	1ef3c1255236396bc1d1c513c5101ab4	
C	GameResources-garage-colormap-chemical_reaction	Resources/GameResources/garage/colormap/chemical_reaction	1752803	ecca9b5a18246b214a56f7964ef43b1b	
C	GameResources-garage-colormap-chuncker	Resources/GameResources/garage/colormap/chuncker	32129	c5bc8665b2e6b71ebf4f07221581ab21	
C	GameResources-garage-colormap-clay	Resources/GameResources/garage/colormap/clay	74732	1d484beb3157db5f075419d6246f6e0b	
C	GameResources-garage-colormap-colorider	Resources/GameResources/garage/colormap/colorider	37115	13775adebda5000996fcc74ccc45b9e3	
C	GameResources-garage-colormap-constellation	Resources/GameResources/garage/colormap/constellation	2091571	35bdfcfc0936340c5f12fbf5f651ec98	
C	GameResources-garage-colormap-cosmic_blast	Resources/GameResources/garage/colormap/cosmic_blast	1906766	9c9fb28c81dbfc67e60d979a5635b607	
C	GameResources-garage-colormap-cow	Resources/GameResources/garage/colormap/cow	2356428	ad62440d6d6930239e3eae3e7cae9f0f	
C	GameResources-garage-colormap-craft_scissors	Resources/GameResources/garage/colormap/craft_scissors	2043588	9680a6ffece0c71369ef6b536e085637	
C	GameResources-garage-colormap-cryo	Resources/GameResources/garage/colormap/cryo	1806103	6bbccfdfa4ad5d5078bb6c5e1a6674ca	
C	GameResources-garage-colormap-cshelpers	Resources/GameResources/garage/colormap/cshelpers	362942	4c257b793b3a47090f86aeee9accbb4b	
C	GameResources-garage-colormap-csoper	Resources/GameResources/garage/colormap/csoper	120808	3ea15a8cf112ba7f1cc42d5357b91628	
C	GameResources-garage-colormap-cubsat	Resources/GameResources/garage/colormap/cubsat	31404	fe0ab14e7b08c0e2c7a0a1bd2e4d39a4	
C	GameResources-garage-colormap-cucurbita_pepo	Resources/GameResources/garage/colormap/cucurbita_pepo	2141516	bff3e95a8e0c2b0bd985f3cc2eb540fa	
C	GameResources-garage-colormap-cyber_shuriken	Resources/GameResources/garage/colormap/cyber_shuriken	1780998	959800785f32f650e84b125598904632	
C	GameResources-garage-colormap-cyberpunk	Resources/GameResources/garage/colormap/cyberpunk	1170503	d2c9d721e53fa840efc875f0ddbccdcd	
C	GameResources-garage-colormap-cyborg	Resources/GameResources/garage/colormap/cyborg	1250458	e0a27d563bd81aef6aa1258c3c1f4d96	
C	GameResources-garage-colormap-dead	Resources/GameResources/garage/colormap/dead	391971	ea1cdd893b5c31033f547aff6eddf6c8	
C	GameResources-garage-colormap-demolisher_2.0	Resources/GameResources/garage/colormap/demolisher_2.0	552026	8b588dd2b31d37089feefbcc74b618ff	
C	GameResources-garage-colormap-desert	Resources/GameResources/garage/colormap/desert	90774	8446c07b0f4b111845471710b7c0cd6d	
C	GameResources-garage-colormap-diamond	Resources/GameResources/garage/colormap/diamond	1595881	22468826444128bf84fd83ea0a50872b	
C	GameResources-garage-colormap-digital	Resources/GameResources/garage/colormap/digital	116822	a623a9816fdf824f441fdf5ff1e20d10	
C	GameResources-garage-colormap-digital_borealis	Resources/GameResources/garage/colormap/digital_borealis	2106712	138280c721e0ba325fa6b4a44726f579	
C	GameResources-garage-colormap-dima	Resources/GameResources/garage/colormap/dima	286274	fede42aa33334e10313cf2b818807c66	
C	GameResources-garage-colormap-dirty	Resources/GameResources/garage/colormap/dirty	223684	24fadfd700780f6a88ff6a55c43e973c	
C	GameResources-garage-colormap-disco_2.0	Resources/GameResources/garage/colormap/disco_2.0	1330721	165dd0b30d51a23c19c220412713ef6c	
C	GameResources-garage-colormap-discord	Resources/GameResources/garage/colormap/discord	143244	c34126f6a67c6fe54fde280750798fae	
C	GameResources-garage-colormap-dragon	Resources/GameResources/garage/colormap/dragon	44666	04b22f8e2efc09853f01b3a2fafaaf71	
C	GameResources-garage-colormap-drive	Resources/GameResources/garage/colormap/drive	1357759	017b3e5342592f2b7e28e916b9fb54b5	
C	GameResources-garage-colormap-ducks	Resources/GameResources/garage/colormap/ducks	2007049	8c231ce4c6df94d84e27d6313078b2e0	
C	GameResources-garage-colormap-earthling	Resources/GameResources/garage/colormap/earthling	2050477	29f0a9a87284fbd7347997d29b7dcd42	
C	GameResources-garage-colormap-electra	Resources/GameResources/garage/colormap/electra	108086	7d2c67da9191c54f8c5894f019af78a4	
C	GameResources-garage-colormap-electric_sheep	Resources/GameResources/garage/colormap/electric_sheep	1390706	449d19a39b480d1ebc38b3da2bb8641b	
C	GameResources-garage-colormap-electrohive	Resources/GameResources/garage/colormap/electrohive	1555107	c936b0cd71a95bc5c25afbe3d92a607d	
C	GameResources-garage-colormap-eruption	Resources/GameResources/garage/colormap/eruption	548004	62eb611c1aae406c0ba47db43d217e9d	
C	GameResources-garage-colormap-eternity	Resources/GameResources/garage/colormap/eternity	58540	9a6e5ae4cef686c9b03cff4b54d8b5a7	
C	GameResources-garage-colormap-event_organizer-hc9a4c6	Resources/GameResources/garage/colormap/event_organizer	207156	8ab2acc0bc7308f68666b332cc9f2df7	
C	GameResources-garage-colormap-event_organizer-hd36170	Resources/GameResources/garage/colormap/event organizer	207156	6b72f03f471abc22334e59aa1f39b14b	
C	GameResources-garage-colormap-fall_leaves	Resources/GameResources/garage/colormap/fall_leaves	452435	950cbd4c60cb4e702804fe9c9617f0aa	
C	GameResources-garage-colormap-fan	Resources/GameResources/garage/colormap/fan	1831297	cdde1890603b000cfa50ef177d5a3ddb	
C	GameResources-garage-colormap-far_north	Resources/GameResources/garage/colormap/far_north	1927037	d629f4d63301e533a0cc49c3a2b87267	
C	GameResources-garage-colormap-fidget_toy	Resources/GameResources/garage/colormap/fidget_toy	1376772	300bb37bbcc78799e8ed074e2520c9c0	
C	GameResources-garage-colormap-fire_golem	Resources/GameResources/garage/colormap/fire_golem	1834658	8c5a2e90e752255b39723d73ad76d606	
C	GameResources-garage-colormap-first_kiss	Resources/GameResources/garage/colormap/first_kiss	1246524	3692f4884779f466dc7b3ef8b7c55eb0	
C	GameResources-garage-colormap-flame	Resources/GameResources/garage/colormap/flame	42940	af71b8c0ae1b01124230e919c1c026c4	
C	GameResources-garage-colormap-flame_2.0	Resources/GameResources/garage/colormap/flame_2.0	1775503	849d4b0e97cb4c3b715c687e9c79cb77	
C	GameResources-garage-colormap-flash	Resources/GameResources/garage/colormap/flash	61672	198c03c1972709fed07de39313a21ee3	
C	GameResources-garage-colormap-flora	Resources/GameResources/garage/colormap/flora	109792	03eebdc05dd012fd300982afa1738684	
C	GameResources-garage-colormap-flow	Resources/GameResources/garage/colormap/flow	1758198	3b7d7bee31d29fdf0f0995d8e4f80275	
C	GameResources-garage-colormap-floweringrose	Resources/GameResources/garage/colormap/floweringrose	2903858	2d71dc0cec55b075a4cd027924a3e1cd	
C	GameResources-garage-colormap-flowing_metal	Resources/GameResources/garage/colormap/flowing_metal	1645701	adb947b06e1543b8355dc85e0bd3a006	
C	GameResources-garage-colormap-flywheel	Resources/GameResources/garage/colormap/flywheel	1507058	93b51f16b0a7499ca6757a1bad8a71c7	
C	GameResources-garage-colormap-foreign	Resources/GameResources/garage/colormap/foreign	150498	25e1d2beb92676f7a294c60f225025d3	
C	GameResources-garage-colormap-forester	Resources/GameResources/garage/colormap/forester	78502	86085ac2e36d4aa81515711d2381aa5b	
C	GameResources-garage-colormap-fracture	Resources/GameResources/garage/colormap/fracture	44110	07c0cd22785c404268b976273fe11ea6	
C	GameResources-garage-colormap-freerunner	Resources/GameResources/garage/colormap/freerunner	118066	36cd110ed13673e4f6f61f5b755c9002	
C	GameResources-garage-colormap-fried_egg	Resources/GameResources/garage/colormap/fried_egg	2107157	98d79ff3e3b67dd5b281fc3ce5908d53	
C	GameResources-garage-colormap-frigid_coat	Resources/GameResources/garage/colormap/frigid_coat	1746361	ac046d786678f831198cfc53ab3e0e76	
C	GameResources-garage-colormap-funky_medicine	Resources/GameResources/garage/colormap/funky_medicine	1428364	149adaffb5184f43fec6d4a50a789595	
C	GameResources-garage-colormap-furryahegao	Resources/GameResources/garage/colormap/furryahegao	546952	b45a10b31fd64e7d090ed4db21c90690	
C	GameResources-garage-colormap-galaxian_explosion	Resources/GameResources/garage/colormap/galaxian_explosion	1758070	d74120fa2dc465972741cdaf7438aa70	
C	GameResources-garage-colormap-galaxy	Resources/GameResources/garage/colormap/galaxy	331284	e5b4e6b5b38792899a3d551cdc32a810	
C	GameResources-garage-colormap-gamb_team	Resources/GameResources/garage/colormap/gamb_team	251862	f4e9abce126be3ecef80ec8b32c5b250	
C	GameResources-garage-colormap-garland	Resources/GameResources/garage/colormap/garland	177196	c039db1ce1e68b05b4246bb25df73b8e	
C	GameResources-garage-colormap-gears	Resources/GameResources/garage/colormap/gears	133218	827cdb5b44f0ddddb2b451befecb7100	
C	GameResources-garage-colormap-ginga	Resources/GameResources/garage/colormap/ginga	104323	0da2860c0cebfcb5f2c6b9826a9a3f8a	
C	GameResources-garage-colormap-gladiator	Resources/GameResources/garage/colormap/gladiator	44446	861a24eb81f6266ed360c78e1cddfd90	
C	GameResources-garage-colormap-glam_croc	Resources/GameResources/garage/colormap/glam_croc	1896165	c5cc97fbae7e551934bf2bab4c9ee862	
C	GameResources-garage-colormap-glow	Resources/GameResources/garage/colormap/glow	1217120	92c358caaaa7c047077704cd1524bc20	
C	GameResources-garage-colormap-gold_alloy	Resources/GameResources/garage/colormap/gold_alloy	2096664	4b71a60773315757c043a6e744895ea0	
C	GameResources-garage-colormap-golden_gears	Resources/GameResources/garage/colormap/golden_gears	1762814	7a46d5af126fd73cf06bfcd1bf5fe976	
C	GameResources-garage-colormap-graffiti	Resources/GameResources/garage/colormap/graffiti	153424	518153fafaea56aa602697d386541042	
C	GameResources-garage-colormap-green	Resources/GameResources/garage/colormap/green	10800	05ba9f690fb26d7f8c47974feabdf4ba	
C	GameResources-garage-colormap-green_quads	Resources/GameResources/garage/colormap/green_quads	1358083	5d9260d38809783085f27dcc36cd778b	
C	GameResources-garage-colormap-green_zircon	Resources/GameResources/garage/colormap/green_zircon	1637324	c2fcdfb5ff1a9f752f32baf0d4fbbe05	
C	GameResources-garage-colormap-groovy_neon	Resources/GameResources/garage/colormap/groovy_neon	1485313	c57d4106712a06a345f96005bf1654e7	
C	GameResources-garage-colormap-head_ripper	Resources/GameResources/garage/colormap/head_ripper	2003629	069b12fec98e471f8a1fd21e5652cc15	
C	GameResources-garage-colormap-heart_of_steel	Resources/GameResources/garage/colormap/heart_of_steel	1476820	374d1618a27a35833d3428c41f6bb8e7	
C	GameResources-garage-colormap-heartbeat	Resources/GameResources/garage/colormap/heartbeat	1093	b72631d1e7aaceac84fec94cba68d92c	
C	GameResources-garage-colormap-helios	Resources/GameResources/garage/colormap/helios	108790	988beeeb588f6b9f0f35be75ed03c508	
C	GameResources-garage-colormap-hexagonity	Resources/GameResources/garage/colormap/hexagonity	43398	a338ceeb2cfe38d74d0a958dec815fda	
C	GameResources-garage-colormap-hohloma	Resources/GameResources/garage/colormap/hohloma	99514	53ff645b4d652a73b8156d9c0086269e	
C	GameResources-garage-colormap-holi	Resources/GameResources/garage/colormap/holi	2120168	430965e8b7e94203f59498b82222a9f0	
C	GameResources-garage-colormap-holiday	Resources/GameResources/garage/colormap/holiday	118152	e89ec2e610e17718ab7356124000ea01	
C	GameResources-garage-colormap-holiday_lights	Resources/GameResources/garage/colormap/holiday_lights	215314	0a32afc57109116a7b0eb024af95d834	
C	GameResources-garage-colormap-holo	Resources/GameResources/garage/colormap/holo	1940590	761d4e99f8f7043578b5f147802e9d3d	
C	GameResources-garage-colormap-honor	Resources/GameResources/garage/colormap/honor	2181705	ff5116968f6fb5c63f001a2126a88ddf	
C	GameResources-garage-colormap-hulk	Resources/GameResources/garage/colormap/hulk	354658	0520faf58b0f72b44981a914b667824f	
C	GameResources-garage-colormap-ice_flurry	Resources/GameResources/garage/colormap/ice_flurry	1901734	907b6b84979b5782581328229baebb71	
C	GameResources-garage-colormap-impulse	Resources/GameResources/garage/colormap/impulse	2323994	50451b9640af8a57ae308d32be751aad	
C	GameResources-garage-colormap-inferno	Resources/GameResources/garage/colormap/inferno	40498	4f1f986b963119df0040d6a1f4da0efb	
C	GameResources-garage-colormap-integrated_circuit	Resources/GameResources/garage/colormap/integrated_circuit	1973984	34cf197726157486f866307e9a7a8540	
C	GameResources-garage-colormap-irbis	Resources/GameResources/garage/colormap/irbis	83436	a5f4627d87fe178ce0e09fd10b8507a2	
C	GameResources-garage-colormap-izumurud	Resources/GameResources/garage/colormap/izumurud	33146	e74d7d6f01023a49d39a9d748d05d81d	
C	GameResources-garage-colormap-jade	Resources/GameResources/garage/colormap/jade	44562	0fbdb52ddd540c6c34a830f97a939577	
C	GameResources-garage-colormap-jaguar	Resources/GameResources/garage/colormap/jaguar	316432	92d63b1e8c3da79350f93f06287c6a8d	
C	GameResources-garage-colormap-jolly_season	Resources/GameResources/garage/colormap/jolly_season	2054244	8bd0a21e0aaf05f598ee82ec29fa0b01	
C	GameResources-garage-colormap-kapuljat	Resources/GameResources/garage/colormap/kapuljat	1339614	f24c79ffe763c16e3007ae9478b75317	
C	GameResources-garage-colormap-katakana	Resources/GameResources/garage/colormap/katakana	1892324	b0472966c7e8f84f593f58ff92aeeda4	
C	GameResources-garage-colormap-lava	Resources/GameResources/garage/colormap/lava	156416	2433379b3e7af9e7670b5076f7d004c2	
C	GameResources-garage-colormap-lava_lamp	Resources/GameResources/garage/colormap/lava_lamp	1667825	1a8c13690f9668aac74cca884decae8d	
C	GameResources-garage-colormap-lead	Resources/GameResources/garage/colormap/lead	38476	679edfd328ee102c5d115a539df82984	
C	GameResources-garage-colormap-leds	Resources/GameResources/garage/colormap/leds	249992	e4812a425d0e91196ea7a02153be9118	
C	GameResources-garage-colormap-liana	Resources/GameResources/garage/colormap/liana	1873091	016e257f809ddd4bcc24fe0ed5b9c3f3	
C	GameResources-garage-colormap-light_organ	Resources/GameResources/garage/colormap/light_organ	1358461	1cb64f895ae76bacde82305595b65b6e	
C	GameResources-garage-colormap-lightning_storm	Resources/GameResources/garage/colormap/lightning_storm	936899	1855e70977fc1680d61ad33b8f00d1e6	
C	GameResources-garage-colormap-liquid	Resources/GameResources/garage/colormap/liquid	26152	811070963aab3238ee44fc754013388e	
C	GameResources-garage-colormap-liquid_metal	Resources/GameResources/garage/colormap/liquid_metal	50382	bab96d73602e082be0a9856804bd4b1d	
C	GameResources-garage-colormap-living_armor	Resources/GameResources/garage/colormap/living_armor	1351178	72ad52d9242a5428a243935f1b737204	
C	GameResources-garage-colormap-lol	Resources/GameResources/garage/colormap/lol	2056729	b509a0b4c2bf368fc80a792f57af527b	
C	GameResources-garage-colormap-love	Resources/GameResources/garage/colormap/love	32496	88131484886eeb66a05647e3fc6b0106	
C	GameResources-garage-colormap-loving_camo	Resources/GameResources/garage/colormap/loving_camo	1416937	841195bfe5217217d1d18c7e36bc0d13	
C	GameResources-garage-colormap-magic_circles	Resources/GameResources/garage/colormap/magic_circles	1819143	1db0b4dddda2fbf69a934eaae1c7784b	
C	GameResources-garage-colormap-magma	Resources/GameResources/garage/colormap/magma	103569	3b198bbe4bd55ad8192a9fc784920707	
C	GameResources-garage-colormap-magnolia	Resources/GameResources/garage/colormap/magnolia	425564	66453759bb4d3bcaa98b49478e7eb765	
C	GameResources-garage-colormap-marine	Resources/GameResources/garage/colormap/marine	65518	a091a6238626476f628a8447685ffb12	
C	GameResources-garage-colormap-marsh	Resources/GameResources/garage/colormap/marsh	225164	f6b828a9edb842371564f114d6b8f7ae	
C	GameResources-garage-colormap-marshal	Resources/GameResources/garage/colormap/marshal	11124	ad95e877572182d1f01f77338ea1244d	
C	GameResources-garage-colormap-mary	Resources/GameResources/garage/colormap/mary	165414	6cecea6a25408838bc852cf8bce8b0a6	
C	GameResources-garage-colormap-matrix	Resources/GameResources/garage/colormap/matrix	110343	7698bdfaa3c123e431c6b12b7748c8f4	
C	GameResources-garage-colormap-metallic	Resources/GameResources/garage/colormap/metallic	179042	a86d86eab7f6d10038c498ae518411f4	
C	GameResources-garage-colormap-meteor_shower	Resources/GameResources/garage/colormap/meteor_shower	538109	08650c55cb26b1ee099efb745395dcc5	
C	GameResources-garage-colormap-microbiology	Resources/GameResources/garage/colormap/microbiology	1717964	ad065370ff163d1966c61ee3cec681f3	
C	GameResources-garage-colormap-microelectronic	Resources/GameResources/garage/colormap/microelectronic	28274	05fb4577ffeea3ab2e6e773af5e82948	
C	GameResources-garage-colormap-moderator	Resources/GameResources/garage/colormap/moderator	68728	3ad6f887231d4f61bdd1e1001ba23404	
C	GameResources-garage-colormap-monochrome	Resources/GameResources/garage/colormap/monochrome	141716	13dde21c05c55e574329498132a8f381	
C	GameResources-garage-colormap-mosaic	Resources/GameResources/garage/colormap/mosaic	227795	c1f9d8a1a867a0ec1b2d90c6e8341cfa	
C	GameResources-garage-colormap-mount_fuji	Resources/GameResources/garage/colormap/mount_fuji	506444	e1a7381c72c68bf49f8a363eb5c7cbaa	
C	GameResources-garage-colormap-nanohud	Resources/GameResources/garage/colormap/nanohud	1965441	5f8a5632fe7d01d5f4a7865a92ab2912	
C	GameResources-garage-colormap-nanosuit_armor	Resources/GameResources/garage/colormap/nanosuit_armor	3439857	0fbe8914755a8cf635fd9d67b8d26222	
C	GameResources-garage-colormap-needle	Resources/GameResources/garage/colormap/needle	41248	fbd093b0153ac1390dd2200af3e7eabd	
C	GameResources-garage-colormap-neon_geometry	Resources/GameResources/garage/colormap/neon_geometry	1253651	136189a406d60757af39e5eb64730791	
C	GameResources-garage-colormap-newyear2020	Resources/GameResources/garage/colormap/newyear2020	2048270	20f6235d3095f843e197e214c1230f57	
C	GameResources-garage-colormap-nickel	Resources/GameResources/garage/colormap/nickel	1550584	5c209377bf0a005a8f2c9e53e6307df6	
C	GameResources-garage-colormap-night_city	Resources/GameResources/garage/colormap/night_city	1106568	45e0c12bb05a13bd53f228d415367042	
C	GameResources-garage-colormap-nightcity	Resources/GameResources/garage/colormap/nightcity	1166946	61256bb646b421e5631751edec23dc35	
C	GameResources-garage-colormap-nightmare	Resources/GameResources/garage/colormap/nightmare	239200	741837b21ac86d0ede11011e4331a046	
C	GameResources-garage-colormap-north	Resources/GameResources/garage/colormap/north	410278	c0f9af63c118844752864a04e34766c3	
C	GameResources-garage-colormap-northern_lights	Resources/GameResources/garage/colormap/northern_lights	1267128	ba9d95465f80a1e5ec3917e1d5756866	
C	GameResources-garage-colormap-not_a_lantern	Resources/GameResources/garage/colormap/not_a_lantern	1480271	939e910f9a628463247cc12cbdcbb3af	
C	GameResources-garage-colormap-orange	Resources/GameResources/garage/colormap/orange	24234	9caaa9eb43c92d6e62d489c1596acb4b	
C	GameResources-garage-colormap-pastila	Resources/GameResources/garage/colormap/pastila	355217	dce3139d8ea750731fe72d19c2b1b7db	
C	GameResources-garage-colormap-pcb	Resources/GameResources/garage/colormap/pcb	1723793	c88ed869707d3521a57c590e3fbfbaf9	
C	GameResources-garage-colormap-phenix	Resources/GameResources/garage/colormap/phenix	110608	a8c0a8f8dfa374426b26cff9bbe17991	
C	GameResources-garage-colormap-picasso	Resources/GameResources/garage/colormap/picasso	106326	2e2dafa2f3ea5b8e989a65e55a4ad024	
C	GameResources-garage-colormap-pixel_plasma	Resources/GameResources/garage/colormap/pixel_plasma	1302482	6d47775d100d3c5a5b24fa7afd71f283	
C	GameResources-garage-colormap-plazmoid	Resources/GameResources/garage/colormap/plazmoid	63609	dff17e2b7e7ec628074d0c705162796a	
C	GameResources-garage-colormap-plexus	Resources/GameResources/garage/colormap/plexus	2999056	a4495a95b1cca6d4a968b2f67ce2a76d	
C	GameResources-garage-colormap-prestigio	Resources/GameResources/garage/colormap/prestigio	458335	6e78c5682e961355b083640714884258	
C	GameResources-garage-colormap-prodigy	Resources/GameResources/garage/colormap/prodigy	48322	f0460e24a60135605b52a6c8cbf1ab12	
C	GameResources-garage-colormap-prodigy_2.0	Resources/GameResources/garage/colormap/prodigy_2.0	350235	5512b40c8f19f114e42a09f562ca83bd	
C	GameResources-garage-colormap-punk	Resources/GameResources/garage/colormap/punk	18646	1109ef95e6d426e93a19d887de76e8a8	
C	GameResources-garage-colormap-python	Resources/GameResources/garage/colormap/python	34758	90f63e134722a02b233336ec34c3625c	
C	GameResources-garage-colormap-quantum_camo	Resources/GameResources/garage/colormap/quantum_camo	951642	8860ce89ed954fc2672043e9d7751c51	
C	GameResources-garage-colormap-radar	Resources/GameResources/garage/colormap/radar	1740587	b524a72f614ec7f5524e2608c16c8bc3	
C	GameResources-garage-colormap-radiance	Resources/GameResources/garage/colormap/radiance	3342582	5fc07890bb0a3c038b7bd17d6cb5c2e7	
C	GameResources-garage-colormap-radioactive_jelly	Resources/GameResources/garage/colormap/radioactive_jelly	487761	ae53795776d22d39fcd61b21e385c087	
C	GameResources-garage-colormap-red	Resources/GameResources/garage/colormap/red	11770	9ad518b4830467bf3749faef3486e87d	
C	GameResources-garage-colormap-red_smoke	Resources/GameResources/garage/colormap/red_smoke	1869261	29d8725b6a165189093dcb72777a3f57	
C	GameResources-garage-colormap-redl	Resources/GameResources/garage/colormap/redl	211984	179388fa259534171eda2a7fffeb18b4	
C	GameResources-garage-colormap-reporter	Resources/GameResources/garage/colormap/reporter	278292	02793da55ced2f15045931c02bfc9339	
C	GameResources-garage-colormap-rock	Resources/GameResources/garage/colormap/rock	140608	8ad5f160fd9feb498673a1e7246d344a	
C	GameResources-garage-colormap-roger	Resources/GameResources/garage/colormap/roger	195772	e97437c3cf091bb563636026fb0bdbc2	
C	GameResources-garage-colormap-ruby	Resources/GameResources/garage/colormap/ruby	139372	259e606f14dc27056bdc6d52b3712f64	
C	GameResources-garage-colormap-runes	Resources/GameResources/garage/colormap/runes	443381	8ea752af573b3d057126d321b82e294f	
C	GameResources-garage-colormap-rust	Resources/GameResources/garage/colormap/rust	50054	49e9bdb517b9c81b8b8ad1c81aa196e2	
C	GameResources-garage-colormap-rustle	Resources/GameResources/garage/colormap/rustle	272384	ae03a4549bb49d8c5d8df4dd8c05c1e3	
C	GameResources-garage-colormap-safari	Resources/GameResources/garage/colormap/safari	40820	54d7145d7d4a641729b6eb2bf9b210c9	
C	GameResources-garage-colormap-sandstone	Resources/GameResources/garage/colormap/sandstone	75196	cdf6fafa105029fcdbab27d82ed2a257	
C	GameResources-garage-colormap-sapphire	Resources/GameResources/garage/colormap/sapphire	127074	10fd10e77690a243d44ff98d05b19f87	
C	GameResources-garage-colormap-savanna	Resources/GameResources/garage/colormap/savanna	82566	9bbccb3682197e6d0f36f207399b1233	
C	GameResources-garage-colormap-secret_sauce	Resources/GameResources/garage/colormap/secret_sauce	457710	2a68776f6525b6e2c6511a692bcfb57e	
C	GameResources-garage-colormap-seventies_fun	Resources/GameResources/garage/colormap/seventies_fun	1817649	be96d2b266e28259f0c3733afaa68153	
C	GameResources-garage-colormap-sharax	Resources/GameResources/garage/colormap/sharax	25138	cfbd72520abb22132a8dcf3b57f43777	
C	GameResources-garage-colormap-shisui_team	Resources/GameResources/garage/colormap/shisui_team	104024	de8bf044b0fd81e7cef739718b8aa4d2	
C	GameResources-garage-colormap-siberian_tiger	Resources/GameResources/garage/colormap/siberian_tiger	615212	348b4342e9632099fa43729c2fd0df9c	
C	GameResources-garage-colormap-silver	Resources/GameResources/garage/colormap/silver	3588085	8a0f4af3bafd56e6e2f110717d9b60a0	
C	GameResources-garage-colormap-silver_bricks	Resources/GameResources/garage/colormap/silver_bricks	267941	a819ed2a18ea3dfde88b800b3a9fd96c	
C	GameResources-garage-colormap-smoke_screen	Resources/GameResources/garage/colormap/smoke_screen	355692	9b5b6a525cfb505f854c406f22c443bf	
C	GameResources-garage-colormap-souls	Resources/GameResources/garage/colormap/souls	1227419	72c5afc4dd76f50aca2eaa675903f194	
C	GameResources-garage-colormap-spark	Resources/GameResources/garage/colormap/spark	76272	35ba974b0c8c87d41c2412fc29343e36	
C	GameResources-garage-colormap-sparks	Resources/GameResources/garage/colormap/sparks	1569742	6d9eaf16e3ff14fe24ea375ec2f99413	
C	GameResources-garage-colormap-spectator	Resources/GameResources/garage/colormap/spectator	23378	01931b63d78eba13068fdf810ae55639	
C	GameResources-garage-colormap-spectr	Resources/GameResources/garage/colormap/spectr	19568	7eee255832ff778406d40c64f8e4dae3	
C	GameResources-garage-colormap-spectrum	Resources/GameResources/garage/colormap/spectrum	159482	4dbdef8e3fb80be8b1f8983199bb47d8	
C	GameResources-garage-colormap-spid	Resources/GameResources/garage/colormap/spid	162616	23be5325af2bb0c9937e420f78370c13	
C	GameResources-garage-colormap-spincolor	Resources/GameResources/garage/colormap/spincolor	72112	0beac367aa098d601ec7e92f9f7c6e88	
C	GameResources-garage-colormap-spinner	Resources/GameResources/garage/colormap/spinner	616529	027f35405f5c25ae14319ce05a0fd048	
C	GameResources-garage-colormap-splash	Resources/GameResources/garage/colormap/splash	2184694	a5adcd04ae5313b02f0f7e140603ca23	
C	GameResources-garage-colormap-sponsor	Resources/GameResources/garage/colormap/sponsor	3044156	b30685dede9a624fd35ed6297ce4f56a	
C	GameResources-garage-colormap-sponsor2	Resources/GameResources/garage/colormap/sponsor2	1919984	0df7b462ad53b0c558deb2a4936d894e	
C	GameResources-garage-colormap-sponsor3	Resources/GameResources/garage/colormap/sponsor3	82222	105b5fd7b04870e02327c31521273d8f	
C	GameResources-garage-colormap-spreading_fast	Resources/GameResources/garage/colormap/spreading_fast	1699122	72a531fa25ea626babf9e4bf79416576	
C	GameResources-garage-colormap-spring	Resources/GameResources/garage/colormap/spring	1753016	9c4b6f8d51ef6f609b29ff13bb8bd0e0	
C	GameResources-garage-colormap-startravelist	Resources/GameResources/garage/colormap/startravelist	32091	04d9ed4032f9707cbfaba942060e215d	
C	GameResources-garage-colormap-storm	Resources/GameResources/garage/colormap/storm	45818	6c6134d0c96659be50e9c31b9695dd49	
C	GameResources-garage-colormap-streetracer	Resources/GameResources/garage/colormap/streetracer	92330	9c71bb5084dc7d03ef54e40d36078bec	
C	GameResources-garage-colormap-surf	Resources/GameResources/garage/colormap/surf	2006233	e1bf2fcb1d0e37e233520f8a87137649	
C	GameResources-garage-colormap-swash	Resources/GameResources/garage/colormap/swash	124837	ffa375224c48a93a3c104aa66590404e	
C	GameResources-garage-colormap-symbiote	Resources/GameResources/garage/colormap/symbiote	1549626	33b4d4141888520bc302f3182aeb548e	
C	GameResources-garage-colormap-synesthesia	Resources/GameResources/garage/colormap/synesthesia	2274955	4167454769b527a2479242fffbcf1325	
C	GameResources-garage-colormap-synth-pop	Resources/GameResources/garage/colormap/synth-pop	411101	0ccff088ad7843a474f6cb88f4803b10	
C	GameResources-garage-colormap-taiga	Resources/GameResources/garage/colormap/taiga	26490	695ed374c2de613c1ee4fc1537f403d7	
C	GameResources-garage-colormap-tankoin_tank	Resources/GameResources/garage/colormap/tankoin_tank	1793054	faedf0cd2cefb9f292dbe1c03812e416	
C	GameResources-garage-colormap-tanks_2.0	Resources/GameResources/garage/colormap/tanks_2.0	204379	3fa60a3f6e33a596f7a00ad108a2bc64	
C	GameResources-garage-colormap-teamshisui	Resources/GameResources/garage/colormap/teamshisui	47484	b5a98de599dde898214ffc6454e997fb	
C	GameResources-garage-colormap-tectonic_plates	Resources/GameResources/garage/colormap/tectonic_plates	1474683	0d736aaa03873e99b26a0b615c9793f8	
C	GameResources-garage-colormap-teddy	Resources/GameResources/garage/colormap/teddy	2184688	e02d3f06ddfca91adc2e7fd3a5df47d2	
C	GameResources-garage-colormap-tentacles	Resources/GameResources/garage/colormap/tentacles	381713	9a2fa413fc4f8d7cfea11b8d57a9ffb2	
C	GameResources-garage-colormap-tessaract_camo	Resources/GameResources/garage/colormap/tessaract_camo	1892943	4db2fb5412ca33cc8c096bc8058c5bce	
C	GameResources-garage-colormap-tester	Resources/GameResources/garage/colormap/tester	88534	d495059fcc5e8ad22b3aed54213f3d6d	
C	GameResources-garage-colormap-thankos	Resources/GameResources/garage/colormap/thankos	1464303	9f247ba0cbcd057d4692541ee55d3595	
C	GameResources-garage-colormap-thankos_armor	Resources/GameResources/garage/colormap/thankos_armor	1812451	8be6fa3ced57d3932f45790d5dccef36	
C	GameResources-garage-colormap-tic-tac-toe	Resources/GameResources/garage/colormap/tic-tac-toe	382819	7e970cca65afa8be323ede1768de07a3	
C	GameResources-garage-colormap-tina	Resources/GameResources/garage/colormap/tina	53510	4177d0fc819162a8b2ee6e1019b686e2	
C	GameResources-garage-colormap-tom	Resources/GameResources/garage/colormap/tom	1190396	f9c75661a3f3b1ea335677375c557ce6	
C	GameResources-garage-colormap-tot	Resources/GameResources/garage/colormap/tot	89936	6da7f4283560a4d3b93f4bc52d3b0f19	
C	GameResources-garage-colormap-touch_of_chill	Resources/GameResources/garage/colormap/touch_of_chill	2049723	594ed46273099ffdd315c68729062aa1	
C	GameResources-garage-colormap-toxic	Resources/GameResources/garage/colormap/toxic	11188	70304cf4e9126c8dba33ef9f7b729164	
C	GameResources-garage-colormap-tracer	Resources/GameResources/garage/colormap/tracer	92346	7289de27b8d32939e8a28929002be1b9	
C	GameResources-garage-colormap-trapped_inside	Resources/GameResources/garage/colormap/trapped_inside	2571577	0d3242d088c8f023dc4c14b008c36d8c	
C	GameResources-garage-colormap-tundra	Resources/GameResources/garage/colormap/tundra	66820	e10ed52de005039c379e1bdfb87dc3e8	
C	GameResources-garage-colormap-turbo	Resources/GameResources/garage/colormap/turbo	2126900	5eb725d078f4e126051ed6cf00593501	
C	GameResources-garage-colormap-tvshow	Resources/GameResources/garage/colormap/tvshow	27567	c0a444f5826103e951d802902837d68c	
C	GameResources-garage-colormap-ufocolor	Resources/GameResources/garage/colormap/ufocolor	94088	c3380fab1680e3f78784af47edcd8100	
C	GameResources-garage-colormap-ufocolor_2	Resources/GameResources/garage/colormap/ufocolor_2	185303	27f49824fc2d879949f06531ad9691e1	
C	GameResources-garage-colormap-ufoevent	Resources/GameResources/garage/colormap/ufoevent	161000	2cd14018d46dcb0227478e56e95d8316	
C	GameResources-garage-colormap-under_the_tree	Resources/GameResources/garage/colormap/under_the_tree	2315622	92dfb38ab77f7bd528cb727f8aca1c51	
C	GameResources-garage-colormap-urban	Resources/GameResources/garage/colormap/urban	66970	72d2aca7376d1ca4bd408af40ca7b068	
C	GameResources-garage-colormap-valour	Resources/GameResources/garage/colormap/valour	318616	a8d1c5cda4f7b872afa6062d22e026e1	
C	GameResources-garage-colormap-vertigo	Resources/GameResources/garage/colormap/vertigo	364157	44e1248a6d46fbe5b438259d7a9d3cd6	
C	GameResources-garage-colormap-virus	Resources/GameResources/garage/colormap/virus	8981076	095dd48acd820f054135aefdf95246be	
C	GameResources-garage-colormap-visual_disruptor	Resources/GameResources/garage/colormap/visual_disruptor	2302740	3193cc32784fd1c497a26e8464e308a5	
C	GameResources-garage-colormap-vlastelin	Resources/GameResources/garage/colormap/vlastelin	18758	5908ea2ae1928ae496010342e8775c25	
C	GameResources-garage-colormap-war_domination_winner	Resources/GameResources/garage/colormap/war_domination_winner	598461	905a12ac29626e5abbb9c134059c3fb5	
C	GameResources-garage-colormap-war_en_winner	Resources/GameResources/garage/colormap/war_en_winner	467758	cd18fc6c360dbe2b02d9f4b2540ed77a	
C	GameResources-garage-colormap-white	Resources/GameResources/garage/colormap/white	189468	2e81ede756a1bd0d5c93871d2041b099	
C	GameResources-garage-colormap-white_khokhloma	Resources/GameResources/garage/colormap/white_khokhloma	113242	c8009bbcaafa0bb14cbe87bc16100660	
C	GameResources-garage-colormap-white_tiger	Resources/GameResources/garage/colormap/white_tiger	61580	420b6ff1a21d45ee307bf88b551a3fb8	
C	GameResources-garage-colormap-witch	Resources/GameResources/garage/colormap/witch	2294856	36d7ed355f57c101e73838c7a386d2cf	
C	GameResources-garage-colormap-x_noir	Resources/GameResources/garage/colormap/x_noir	2066705	8df1229f6032e49734443a88bd5e2e4c	
C	GameResources-garage-colormap-yellow_bug	Resources/GameResources/garage/colormap/yellow_bug	2032794	c8ccd96b37721a156170c785de083ecd	
C	GameResources-garage-colormap-zeus	Resources/GameResources/garage/colormap/zeus	50160	914d8f106babbe67fcc8b8a03f7cb461	
C	GameResources-garage-container	Resources/GameResources/garage/container	17414	a2d196bb27a55929acbe056b2eb6e03d	
C	GameResources-garage-drone	Resources/GameResources/garage/drone	246438	b675b8aaa4f7419a85b3b1757daf1b2d	
C	GameResources-garage-hull	Resources/GameResources/garage/hull	1139219	5a44c8778cb09737116ab0c793ca974e	
C	GameResources-garage-opportunityticket	Resources/GameResources/garage/opportunityticket	7577	434c73a5811a0d51718d07dd76e4ce2b	
C	GameResources-garage-skin-drone	Resources/GameResources/garage/skin/drone	3148054	a2e80cd0ded6aa78792031450d635928	
C	GameResources-garage-skin-tank-_files	Resources/GameResources/garage/skin/tank	1232	8278e7d639b09d1a62f3931ddb9d032a	
C	GameResources-garage-skin-tank-ares	Resources/GameResources/garage/skin/tank/ares	5082826	4a78da7ca7dda8f1c9855e4920875fe2	Resources/GameResources/garage/colormap/electra
C	GameResources-garage-skin-tank-dictator-20	Resources/GameResources/garage/skin/tank/dictator/20	16080551	5dbf5e3545768c7dc7125a4ac9e2fcad	Resources/GameResources/garage/colormap/electra
C	GameResources-garage-skin-tank-dictator-default	Resources/GameResources/garage/skin/tank/dictator/default	8068702	ad26e03efef379137a398bffdffd705c	Resources/GameResources/garage/colormap/electra
C	GameResources-garage-skin-tank-dictator-old	Resources/GameResources/garage/skin/tank/dictator/old	7801357	190a75a70197619f06ac4a4b1fbc16fe	Resources/GameResources/garage/colormap/electra
C	GameResources-garage-skin-tank-dictator-xt	Resources/GameResources/garage/skin/tank/dictator/xt	5066013	e49cfcfbf597512d68023cbece4771df	Resources/GameResources/garage/colormap/electra
C	GameResources-garage-skin-tank-hornet-default	Resources/GameResources/garage/skin/tank/hornet/default	7518130	fbe0bfcdabcf7e7f360ac33615ddadd3	Resources/GameResources/garage/colormap/electra
C	GameResources-garage-skin-tank-hornet-hd	Resources/GameResources/garage/skin/tank/hornet/hd	20387959	6f75c3e75c4f3ea8a47ce25cd5a3f405	Resources/GameResources/garage/colormap/electra
C	GameResources-garage-skin-tank-hornet-old	Resources/GameResources/garage/skin/tank/hornet/old	6159133	edc629d28cd40c7e0ce7f04441296f02	Resources/GameResources/garage/colormap/electra
C	GameResources-garage-skin-tank-hornet-xt	Resources/GameResources/garage/skin/tank/hornet/xt	7614200	e05f485c54e46f91a65cc107f2b7846a	Resources/GameResources/garage/colormap/electra
C	GameResources-garage-skin-tank-hunter-default	Resources/GameResources/garage/skin/tank/hunter/default	7803997	85245be4ac62ec86e21d91d16422b353	Resources/GameResources/garage/colormap/electra
C	GameResources-garage-skin-tank-hunter-hd	Resources/GameResources/garage/skin/tank/hunter/hd	20286289	ad43274c3fb1a537cd98a9dfc33c6135	Resources/GameResources/garage/colormap/electra
C	GameResources-garage-skin-tank-hunter-old	Resources/GameResources/garage/skin/tank/hunter/old	7553420	6f965022e941ad2333aa140611e67899	Resources/GameResources/garage/colormap/electra
C	GameResources-garage-skin-tank-hunter-xt	Resources/GameResources/garage/skin/tank/hunter/xt	5045901	0501b999d0efb852bc733e5e9abe87ad	Resources/GameResources/garage/colormap/electra
C	GameResources-garage-skin-tank-mammoth	Resources/GameResources/garage/skin/tank/mammoth	21166760	0291f267df8e11ee9666a87672e32f31	Resources/GameResources/garage/colormap/electra
C	GameResources-garage-skin-tank-titan-20	Resources/GameResources/garage/skin/tank/titan/20	14957135	a7dbe0d1b5ba51487e9f525d61ed55bf	Resources/GameResources/garage/colormap/electra
C	GameResources-garage-skin-tank-titan-default	Resources/GameResources/garage/skin/tank/titan/default	7465677	3a73a4cc9cb1e0f96b20c23887a38a2f	Resources/GameResources/garage/colormap/electra
C	GameResources-garage-skin-tank-titan-old	Resources/GameResources/garage/skin/tank/titan/old	7819576	55c317d2969b001d57a880892509a8cd	Resources/GameResources/garage/colormap/electra
C	GameResources-garage-skin-tank-titan-xt	Resources/GameResources/garage/skin/tank/titan/xt	5044713	3bca9d7a1f41cfae2b028dc679662fdc	Resources/GameResources/garage/colormap/electra
C	GameResources-garage-skin-tank-viking	Resources/GameResources/garage/skin/tank/viking	22948025	68b2decaf969fbb9353fbf7f756eee57	Resources/GameResources/garage/colormap/electra
C	GameResources-garage-skin-tank-wasp-20	Resources/GameResources/garage/skin/tank/wasp/20	13792717	ae5f459e20b012950d7f1932e0a47650	Resources/GameResources/garage/colormap/electra
C	GameResources-garage-skin-tank-wasp-default	Resources/GameResources/garage/skin/tank/wasp/default	7527787	ba694b4db1f8473b4949854ace767de4	Resources/GameResources/garage/colormap/electra
C	GameResources-garage-skin-tank-wasp-old	Resources/GameResources/garage/skin/tank/wasp/old	7144189	a06f9aefa01a0512bb90dbb41e292ec6	Resources/GameResources/garage/colormap/electra
C	GameResources-garage-skin-tank-wasp-xt	Resources/GameResources/garage/skin/tank/wasp/xt	5046561	ad3fcf0c68ab9355691eb33ea989cb60	Resources/GameResources/garage/colormap/electra
C	GameResources-garage-skin-weapon-_files	Resources/GameResources/garage/skin/weapon	1232	7827d609a3a369f28535342ad89242dd	
C	GameResources-garage-skin-weapon-flamethrower	Resources/GameResources/garage/skin/weapon/flamethrower	9590920	3504b38bb0abddea3aea5f1f4a2bbe81	Resources/GameResources/garage/colormap/electra;Resources/GameResources/garage/skin/tank/dictator/20
C	GameResources-garage-skin-weapon-freeze	Resources/GameResources/garage/skin/weapon/freeze	7692918	9d05805635548bb32bb57c094b7a86f8	Resources/GameResources/garage/colormap/electra;Resources/GameResources/garage/skin/weapon/flamethrower
C	GameResources-garage-skin-weapon-gauss	Resources/GameResources/garage/skin/weapon/gauss	3476961	59867df377d443f2821ebb29a41bf2b3	Resources/GameResources/garage/colormap/Axegao
C	GameResources-garage-skin-weapon-hammer	Resources/GameResources/garage/skin/weapon/hammer	5670168	871ff607262f7567f2365f80f356a641	Resources/GameResources/garage/colormap/electra
C	GameResources-garage-skin-weapon-isis	Resources/GameResources/garage/skin/weapon/isis	7890006	a2fd4ee0a1ad74f8a283f8ed273cd1df	Resources/GameResources/garage/colormap/electra
C	GameResources-garage-skin-weapon-magnum	Resources/GameResources/garage/skin/weapon/magnum	2061035	935a9892eb7254bb53e53cea4896c904	Resources/GameResources/garage/colormap/electra
C	GameResources-garage-skin-weapon-railgun	Resources/GameResources/garage/skin/weapon/railgun	20036121	9788d6a4eaba9d46fbd8edb01eb0cf7e	Resources/GameResources/garage/colormap/electra
C	GameResources-garage-skin-weapon-ricochet	Resources/GameResources/garage/skin/weapon/ricochet	8417185	1fed6a96023b314e2b3d0a09be26930f	Resources/GameResources/garage/colormap/electra
C	GameResources-garage-skin-weapon-scorpion	Resources/GameResources/garage/skin/weapon/scorpion	3210814	1b9d29adce571fc79b558a9dc6282883	Resources/GameResources/garage/colormap/electra
C	GameResources-garage-skin-weapon-shaft	Resources/GameResources/garage/skin/weapon/shaft	15042282	0f8fe33658ce46da23f8bcfddc3978bc	Resources/GameResources/garage/colormap/electra;Resources/GameResources/garage/skin/weapon/railgun
C	GameResources-garage-skin-weapon-smoky	Resources/GameResources/garage/skin/weapon/smoky	14127072	8c723a41dceb0fa77c7c13532764162e	Resources/GameResources/garage/colormap/electra
C	GameResources-garage-skin-weapon-striker	Resources/GameResources/garage/skin/weapon/striker	4774416	5e291fe896920115a26c4b3c67d4e887	Resources/GameResources/garage/colormap/electra
C	GameResources-garage-skin-weapon-terminator	Resources/GameResources/garage/skin/weapon/terminator	174409	7ed628d165c0fd268e56881566216395	Resources/GameResources/garage/colormap/electra
C	GameResources-garage-skin-weapon-tesla	Resources/GameResources/garage/skin/weapon/tesla	3005621	ef940357a56a509a6d75a8b9d4ddb62d	Resources/GameResources/garage/colormap/electra
C	GameResources-garage-skin-weapon-thunder	Resources/GameResources/garage/skin/weapon/thunder	15077899	755c9b9f0a806c6a9654e3153765f4b8	Resources/GameResources/garage/colormap/electra
C	GameResources-garage-skin-weapon-twins	Resources/GameResources/garage/skin/weapon/twins	5941551	249b04d8350aac5fd9c3c3d7eb3cb246	Resources/GameResources/garage/colormap/electra
C	GameResources-garage-skin-weapon-vulcan	Resources/GameResources/garage/skin/weapon/vulcan	5160029	be47e37670ed284897aef9bc2319f3fa	Resources/GameResources/garage/colormap/electra
C	GameResources-garage-supplies	Resources/GameResources/garage/supplies	82843	9062504e1ebc3f7cb7be8f03548c95fd	
C	GameResources-garage-ui	Resources/GameResources/garage/ui	2024078	efbb796b5897391e48be5ea05567cd44	
C	GameResources-garage-weapon-_files	Resources/GameResources/garage/weapon	96700	7e1819da84a9242a433ec6ab37fb9fb0	
C	GameResources-garage-weapon-flamethrower	Resources/GameResources/garage/weapon/flamethrower	9308621	7aeaf4c28b762977832b33a9f1481aaa	
C	GameResources-garage-weapon-freeze	Resources/GameResources/garage/weapon/freeze	14086337	3ecaff736c4f2b8e045f34dadd86fc99	
C	GameResources-garage-weapon-gauss	Resources/GameResources/garage/weapon/gauss	7253047	d22bf7e94a51d7730ba3ffe206cfef2b	
C	GameResources-garage-weapon-hammer	Resources/GameResources/garage/weapon/hammer	1499129	f3b58a27bc38d4a45ebf8a9364938171	
C	GameResources-garage-weapon-isis	Resources/GameResources/garage/weapon/isis	21864039	97148ac3cad6e9db4a79aaf7d971db49	
C	GameResources-garage-weapon-magnum	Resources/GameResources/garage/weapon/magnum	7817353	93be83ddb9abff1ffc5ca49b70046da7	
C	GameResources-garage-weapon-railgun	Resources/GameResources/garage/weapon/railgun	1099661	6dde9fbacf29236167c3a5662b36d8a8	
C	GameResources-garage-weapon-ricochet	Resources/GameResources/garage/weapon/ricochet	15660068	d08ea04be165e721c4b63147db3a0dba	
C	GameResources-garage-weapon-scorpion	Resources/GameResources/garage/weapon/scorpion	294146	c02d7f5f95f48f5a81378ff04e0ca3a6	
C	GameResources-garage-weapon-shaft	Resources/GameResources/garage/weapon/shaft	5084293	810a830ec379365c0b0e4d97139ce455	
C	GameResources-garage-weapon-smoky	Resources/GameResources/garage/weapon/smoky	4637196	596119872c9c9e2d5c535463d994251a	
C	GameResources-garage-weapon-striker	Resources/GameResources/garage/weapon/striker	6393869	c5180ceebdd6524e763a21f071d88e80	
C	GameResources-garage-weapon-terminator	Resources/GameResources/garage/weapon/terminator	69590	b45057d28855de707143f6a48445cc35	
C	GameResources-garage-weapon-tesla	Resources/GameResources/garage/weapon/tesla	648766	28b1790d86b24230ff8728b00b4ec16f	
C	GameResources-garage-weapon-thunder	Resources/GameResources/garage/weapon/thunder	7730449	63020e5153ee7367af3498ace9b71af6	Resources/GameResources/garage/weapon/smoky
C	GameResources-garage-weapon-tomato_gun	Resources/GameResources/garage/weapon/tomato_gun	89069	7e9560ead4cb49377501277c9e27b527	
C	GameResources-garage-weapon-tsunami	Resources/GameResources/garage/weapon/tsunami	1830187	8165e87b849937cff4d34f373e1a3477	
C	GameResources-garage-weapon-twins	Resources/GameResources/garage/weapon/twins	9131177	87faaa2f45170af8142f696c7808d112	
C	GameResources-garage-weapon-vulcan	Resources/GameResources/garage/weapon/vulcan	1727653	832ec8f7dda26d4e261d28fa92cda744	
C	GameResources-garage-weaponkit	Resources/GameResources/garage/weaponkit	1661368	6ad0c55595c706094fb9df4f11d27cac	
C	GameResources-maps-skybox	Resources/GameResources/maps/skybox	15093060	9c5abc0b68cc015f11a03df3763076e2	
C	GameResources-maps-sound	Resources/GameResources/maps/sound	7331001	bd802bed17f63eae52d5d06cf074bb52	
C	GameResources-maps-ui-preview-_files	Resources/GameResources/maps/ui/preview	11047	d08ca931d567fb7cd42d54ad930b6270	
C	GameResources-maps-ui-preview-res	Resources/GameResources/maps/ui/preview/res	24951739	7337e1f906d8df1808a8f87aad70c94e	
C	GameResources-maps-ui-preview-res-p2	Resources/GameResources/maps/ui/preview/res	9255971	6a280453469f1f87d77d253f1d69556d	
C	GameResources-ranksconfig	Resources/GameResources/ranksconfig	162762	fcfd0d7ca12ef5af87f8020810144c6d	
