#raw1
F	Maps/2013_new_summer.xml	979534	3d0af436afc5bbbbda78bd9d21102edb
F	Maps/2042_new_summer.xml	987869	804a58c54873689b3df247b2f6512c00
F	Maps/2042_new_winter.xml	997405	406591f35f9c4dabefb0491514ebba99
F	Maps/2042_old_summer.xml	1052080	01c2d3ce895ed1927785ce5dff606ef2
F	Maps/2042_old_winter.xml	1062972	a73b8c0030d861755b5ebe513b1599c4
F	Maps/242_new_summer.xml	774954	bde7028f00113d913f58a01dff18f200
F	Maps/242_new_winter.xml	781995	8fd019c5ba2ebe1925cb30767d20b90f
F	Maps/3thLibrary_new_summer.xml	1890828	c6f889b4cbc0267807ca8247365ef730
F	Maps/AbyssOld_new_summer.xml	1492103	76100eed0d0616bbbd2628f8ad54438a
F	Maps/Abyss_new_summer.xml	1476992	b1795f2e6a4c6a4ff3060433e286b537
F	Maps/Abyss_old_summer.xml	1502730	b72358230ca0cbdff848e11e49dd523e
F	Maps/Abyss_old_winter.xml	1523420	93e196141acb37ca45ac0b5ff0e1815a
F	Maps/AleksandrovskMm_new_summer.xml	1983831	77daefdd9a14fdca88f994a97f2fbf1b
F	Maps/AleksandrovskMm_new_winter.xml	2009969	fc6377da3c321ddad2e74db8a3ff2c8c
F	Maps/AleksandrovskMt_new_summer.xml	1435775	671f0202267cb96009685ad84f31410c
F	Maps/AleksandrovskTlvk_new_winter.xml	1438175	017d1c3aa9d7190f66b6a294678084d7
F	Maps/Aleksandrovsk_new_summer.xml	1241224	90c82247fda56b135803285abf210fb4
F	Maps/Aleksandrovsk_new_winter.xml	1261297	7476127da788f8b6c1f727e8a3812b87
F	Maps/AlexandrovskNy_new_summer.xml	1126756	7614312fe9aea4e77d55dbf487e07d21
F	Maps/ArchipelagoMmOld_new_summer.xml	912473	f749254962ef1eca3c09820c558e2c1a
F	Maps/ArchipelagoMmOld_new_winter.xml	918556	70a81901769ec388d8fff9aeb120fa6c
F	Maps/ArchipelagoMm_new_summer.xml	1074762	60c9790978c3e8f6b68b1194f05d4a2f
F	Maps/ArchipelagoMm_new_winter.xml	1081902	3e6bffb5c4c26eaed82e2f28854b3e8f
F	Maps/Arena20_new_summer.xml	816716	ad6f7cc78340e0ed7574e766c0686110
F	Maps/ArenaIiOld_new_summer.xml	321558	54b3f70e5243d1f46d55d34e0da6d715
F	Maps/ArenaMt_new_summer.xml	179888	9060e40f086094794649fb65d4f8e3e6
F	Maps/ArenaOld_new_summer.xml	151559	313aa86dc2dcc90a5cfd142701d61e84
F	Maps/ArenaOld_new_winter.xml	154639	7a0d1e35a4a397ac1f423bbb7590dd36
F	Maps/ArenaPro_new_winter.xml	189215	becd98f468bf5d82fa50752129b3f10e
F	Maps/ArenaTlvk_new_summer.xml	171160	524186c15ab3eb24397056576260623c
F	Maps/Arena_new_summer.xml	187416	bd9fc69579987096c1be0c7fcf1a446a
F	Maps/Arena_new_winter.xml	156631	ce49b31eaa7f6fb99a79e85baef95f60
F	Maps/Arena_old_summer.xml	154851	5dc8ef8f73c73c4d6f094e26c63ba833
F	Maps/AstrellaOld_new_summer.xml	708764	a7b777ddd451549996907a7d42ade92c
F	Maps/Atra2_old_summer.xml	275155	e3ff28b91fa6a4ebb04635f8ddaf3166
F	Maps/Atra2_old_winter.xml	277962	05637bbb86536fedeb26ee6d58d0e4b5
F	Maps/AtraIOld_new_summer.xml	166920	7b6b727b1e732f197fd1afc665c889f1
F	Maps/AtraIOld_new_winter.xml	168527	3bbd06c837af2f836949baeaae22e2c0
F	Maps/AtraIiOld_new_summer.xml	268907	40135df8ef59f6c745705443244d5aef
F	Maps/AtraIiOld_new_winter.xml	271742	12056301da33b8eef1dccef8e87ec94e
F	Maps/AtraPro_new_winter.xml	307506	9de608be30c8ef74dcc80a6e41dd8c6c
F	Maps/Atra_new_summer.xml	305406	59b545a5f515ee56bb0c8d49939403dc
F	Maps/Atra_new_winter.xml	171283	58b73213290dc8914121217659578dcd
F	Maps/Atra_old_summer.xml	169661	b33039dd000f879febbfb6fe80a06e5f
F	Maps/BabylonOld_new_summer.xml	2755920	4651d36b46761f4bac11248d0837b827
F	Maps/Babylon_new_summer.xml	2892814	5d450c6c4d29b538161df686eb960940
F	Maps/BaggageTest_new_summer.xml	1644956	9005f56b4e8d3b7ccf9a02a670592f02
F	Maps/Barda1100_new_summer.xml	734968	98cc05b5ea9266a2b82a5f76e7a89e43
F	Maps/BardaMm_new_summer.xml	1999803	6c0434383e2dbbd43180d9d430b55207
F	Maps/BardaMm_new_winter.xml	2025269	c1638c1c1b06455ea92d0df0511742f9
F	Maps/BardaOld_new_summer.xml	736075	1a1cf7f10565811749740b460e0fcb92
F	Maps/BardaOld_new_winter.xml	743824	26fed59160e3db1f100a213453f61e8f
F	Maps/BardaTlvk_new_summer.xml	1191131	37d7a18a391eb393a9a27010ab2875d1
F	Maps/BardaTlvk_new_winter.xml	1205323	e406c89b9487211c7f8d4700136eaa34
F	Maps/Barda_new_summer.xml	993624	43caa1da74e2e1850b4f33603d668f13
F	Maps/Barda_new_winter.xml	1004926	3a0557a824dcee6863d535b8c755ce2a
F	Maps/Barda_old_summer.xml	768000	bd284f4734ca7c45ce733be94a0cbf8a
F	Maps/Barda_old_winter.xml	777065	213533d82d5cd961bc0cbcd45c2bdbab
F	Maps/BastionMt_new_summer.xml	1453719	2d89a772b12e96994a31d28f80ef6a2a
F	Maps/Bastion_new_summer.xml	880914	f65a5f3657bb78a1491c5f4a362101c1
F	Maps/Battlecity_new_summer.xml	1488688	88625f45e38beda43c3e356f78a5c065
F	Maps/Beachfort_new_summer.xml	3272450	d7778b58a6433c0d817ff8ed1f2626a3
F	Maps/Berlin1100_new_summer.xml	1816062	74b90fb8d08a5ea5251b0f6f157103f3
F	Maps/BerlinMm_new_summer.xml	2137914	e75eb96b65cb76e8e7e60c85687c35d6
F	Maps/BerlinMm_new_winter.xml	2165319	b7d2277dc5b089d50a35b0c22fabbb9c
F	Maps/BerlinOld_new_summer.xml	1902817	6cc26da30e1527b844bf2c56a0d998d1
F	Maps/BerlinOld_new_winter.xml	1924650	826aefec82d465ae69fb23a0d0335ef4
F	Maps/BerlinTlvk_new_summer.xml	2033363	1c208d856296571572705f9fc88d1b6a
F	Maps/BerlinTlvk_new_winter.xml	2057827	a260e234884908b1c0f2a20216347c10
F	Maps/Berlin_new_summer.xml	2057723	fb2c45458ab8bd76a95d9e080bedf9d7
F	Maps/Berlin_new_winter.xml	2083336	48cd19c8b5ee5c0955f90ba8ee6ebb90
F	Maps/Berlin_old_summer.xml	2002364	16f9f2e70425e222a5526044fd97b3a8
F	Maps/Berlin_old_winter.xml	2027949	51ff8fe9d0838e4a21d43981656e6628
F	Maps/Bobruisk1100_new_summer.xml	706348	06cdcdd52a1ea92bbeaec553149df521
F	Maps/BobruiskMm_new_summer.xml	1720041	d9db399cb4b3e978fea874a806a4d5f9
F	Maps/BobruiskMm_new_winter.xml	1739403	e38bab7e89740dab12c0ab24e69af7ad
F	Maps/BobruiskOld_new_summer.xml	707159	3e6d26b0ca49535909162265cf8253cb
F	Maps/BobruiskOld_new_winter.xml	712836	852e6e96ceeebc6aef75c72234407940
F	Maps/Bobruisk_new_summer.xml	760643	5655e44d64e4c1594b79b07bb4c1d41e
F	Maps/Bobruisk_new_winter.xml	771955	a15da476e5f28b589850bd992b81be45
F	Maps/Bobruisk_old_summer.xml	675501	37bbd97645d099b1202d9555a19b8c75
F	Maps/Bobruisk_old_winter.xml	681447	951792dbbfa38fa25a1ee4a202fa3a20
F	Maps/Boombochnica_new_summer.xml	744631	bf9864abea1ece857eb72a1199f5f063
F	Maps/Boombox1100_new_summer.xml	244960	6edb11c4dd5f7b34dbd3779811a5811f
F	Maps/Boombox2_new_summer.xml	642095	d9c7d2e88a9a632bf09eadc4e63574a9
F	Maps/BoomboxNy_new_winter.xml	348393	27599e42a5cb9e3a420d86b6bfad89ec
F	Maps/BoomboxOld_new_summer.xml	245616	0eb1ff12d26c5d05fd8fe188dc4ffaae
F	Maps/BoomboxOld_new_winter.xml	248021	2b500d70a701b133002b65686a90f3ab
F	Maps/Boombox_new_summer.xml	295599	dd7806f50f33c5fdc1f4784e4d641099
F	Maps/Boombox_new_winter.xml	300161	77fec6be4a916c5a8baaec50d3e98514
F	Maps/Boombox_old_summer.xml	255106	53cca205c9b90dd5a36db3dd421c0f0e
F	Maps/Boombox_old_winter.xml	257708	d9b8c71a026c77823a7a75e6520046c4
F	Maps/Bottom_new_summer.xml	1004190	f3f344a6276295910ca0bc044b637a53
F	Maps/Brest2_old_summer.xml	1307974	bcc5b25cc58024920a2cef0a1ff51bd4
F	Maps/Brest2_old_winter.xml	1321865	89173a8b4745faee45ca1a37ba330866
F	Maps/BrestI1100_new_summer.xml	1149862	f224b6ef74db47d403e14e298274e279
F	Maps/BrestIOld_new_summer.xml	1188842	76bfc4795c225e9f735c3a5f02889f0c
F	Maps/BrestIOld_new_winter.xml	1198411	754f73dd66b6b0d01b6f7cb7f7cea819
F	Maps/BrestIi1100_new_summer.xml	1322711	aeaf28a506513ea5ebfee08849befef1
F	Maps/BrestIiOld_new_summer.xml	1376062	e5ece5e9c1dbbf4a6ee41a490f7fda8f
F	Maps/BrestIiOld_new_winter.xml	1389271	3cf103101d3aca9edb3c2674598dd3a0
F	Maps/BrestMm_new_summer.xml	2493809	68ea2cad21ac4785405a4ef96945d6f8
F	Maps/BrestMm_new_winter.xml	2522285	eafd1ded8067dd4348367d2275dd1088
F	Maps/Brest_new_summer.xml	1654422	0e7a35f21ec0256dedb76efed47b920d
F	Maps/Brest_new_winter.xml	1670536	6ec93cad9eddfbaa2006d20d6e4b0315
F	Maps/Brest_old_summer.xml	1094336	d2a3d6975f90f4af4f09e91eb64f1f52
F	Maps/Brest_old_winter.xml	1104353	fbb2b07072355f84e5739f1fe998be36
F	Maps/BridgeCityOld_new_summer.xml	282904	143bcc2f685a4182e3d12de47e69bb7b
F	Maps/BridgeCityOld_new_winter.xml	286068	c7fc36c9ce7434dd21eb5fcf15eb772f
F	Maps/Bridges1100_new_summer.xml	837204	ddf3fe44da257cdf6a31ae8c3ca1ae68
F	Maps/BridgesMm_new_summer.xml	1632600	ad20ebf1a17c49b8fa6fd4e006128e85
F	Maps/BridgesMm_new_winter.xml	1652102	67e8c67e0eb33d0640569468d79a68ea
F	Maps/BridgesOld_new_summer.xml	871556	52a4c4c3b5f2b1781e3f6559b977bb23
F	Maps/BridgesOld_new_winter.xml	880740	71eadc3a898334afdb325e413662c261
F	Maps/Bridges_new_summer.xml	1035361	8a935bfe1888da8cad5f3ab918527a95
F	Maps/Bridges_new_winter.xml	1046792	71e5539f133f3d809d2788975d0ccb4c
F	Maps/Bridges_old_summer.xml	834106	754ad03ac72e1283d602a1920db2c9dd
F	Maps/Bridges_old_winter.xml	843766	95e2a1e1113798ee316c6ba233011f33
F	Maps/BunkerVektorTv_new_summer.xml	379721	7496b3452835e12cbd3092529a02890c
F	Maps/CampOld_new_summer.xml	310083	fc0b813facc5ba3ac94ec286d382fe26
F	Maps/CampOld_new_winter.xml	314841	a76c1110f2094f9bfd9fe9676393e482
F	Maps/CampPro_new_winter.xml	444768	e8aae0470124f69ad02d3183b566f687
F	Maps/CampTlvk_new_summer.xml	423765	564724bfdc414eaf27eb1fbc30c937cb
F	Maps/Camp_new_summer.xml	440757	577ddf05181da24dbaaf16aea68520fa
F	Maps/Camp_new_winter.xml	318145	8161a05872a2c0fd0c198518423146d5
F	Maps/Camp_old_summer.xml	314652	f6c29ed1b50e04e327ad838f3b7dc29b
F	Maps/CanyonOld_new_summer.xml	747598	f29669bec0f0e4922eebfa3ebb6a7289
F	Maps/CanyonOld_new_winter.xml	753926	dab2323b150d4e7efa710f73e9f24fab
F	Maps/CanyonTlvk_new_summer.xml	605123	d9d988c692cc19bd7ef6adc46c11145d
F	Maps/Canyon_new_summer.xml	733053	0af37228b5c184a5b9929d53a47782d4
F	Maps/Canyon_new_winter.xml	610522	92249fb5a9ae7e9df6760b601b2c2f20
F	Maps/Canyon_old_summer.xml	739597	c195d3fdf321e74d9ef9d218d78e8cde
F	Maps/Canyon_old_winter.xml	746050	082d6ab26fd85cf73699fe96d6cb15c2
F	Maps/CarouselOld_new_summer.xml	373255	eb0f5c31ed0c50ee228e47913b19c460
F	Maps/CavesOld_new_summer.xml	1168008	7428586b2c3fe6f4c36a227b25687c1e
F	Maps/Cdr2021_new_winter.xml	747090	6a6225b041b30aaa07afd7bb1636ec36
F	Maps/Cdr2021_old_summer.xml	739628	ee80c2e2181f6a9dde8b2ae735486005
F	Maps/Chernobyl1100_new_summer.xml	1187494	3ca8319c7738fcea474fa430420efed5
F	Maps/ChernobylMm_new_summer.xml	2611185	51ddf893809753f6647aed4fede4ad87
F	Maps/ChernobylOld_new_summer.xml	1189194	02e0ff6aff8656077e6d065c50fa883b
F	Maps/ChernobylOld_new_winter.xml	1201094	79c293eb2ef4f01e56031b0e62cbc17d
F	Maps/ChernushkaMm_new_summer.xml	2551016	424df63bdda69dd528903179e6e15b17
F	Maps/Chornobyl_new_summer.xml	1230656	35b5ffc97d2e33d0a12b1f733fda9d37
F	Maps/Chornobyl_new_winter.xml	1244159	413a706dc56231cb501c197dec8fb4cf
F	Maps/Chornobyl_old_summer.xml	1110082	15eb792cca8773f9f29aad0d116676f0
F	Maps/Chornobyl_old_winter.xml	1122472	c4b156e9339a67622347f1c444e7d8fa
F	Maps/CologneMm_new_summer.xml	1332285	3d89cf961312edfb4c588a97d406c0c0
F	Maps/CologneMm_new_winter.xml	1347518	7e8b095ec9ee1c165a7239e2f798de48
F	Maps/Cologne_new_summer.xml	1096601	3a9139e6bc63aa9d166957c195071b7c
F	Maps/ColonyOld_new_summer.xml	173213	94b09b78a335f7e07ddf03fb11ea5832
F	Maps/CombeOld_new_summer.xml	175845	33b95394f1ae8ecc2a638a28814a3575
F	Maps/CombeOld_new_winter.xml	178179	e9e6f448615753aedf4907e97d43c7ed
F	Maps/Combe_new_summer.xml	209227	068a2b1dcbe334cba3c4d1c167eced5a
F	Maps/Combe_new_winter.xml	211530	2ba15f6e13293334200bd0997d56c848
F	Maps/Combe_old_summer.xml	181277	9dfb45577b0dd588a3b2931d468a706f
F	Maps/Combe_old_winter.xml	183302	971ec4658a020202ab4f02afe8b7fc61
F	Maps/Concert_new_summer.xml	831523	f54f9bdcbbd0bb02a456f1e9c865d3a1
F	Maps/Construction_new_summer.xml	1216674	67d329d6235176e83dc66c7cbfabece3
F	Maps/Containers_new_summer.xml	296095	02f1ca4d0d09a25646751ea54aa50784
F	Maps/Cosmicstation_new_summer.xml	1380654	5a51e8b397139a71f0440ea7a06611b9
F	Maps/CourageOld_new_summer.xml	619993	a3136c644caa89aadc3e5a6725a4e166
F	Maps/CourageOld_new_winter.xml	727548	79da426fc0dcf23cd361fbb096c480cc
F	Maps/Courage_new_summer.xml	477131	b188d3647a6224bfff6d6b19117dcbab
F	Maps/Courage_new_winter.xml	481457	6840fac01afea1cab5c006d882d432ad
F	Maps/Courage_old_summer.xml	661699	e43721696215b60e30236ccf8b02a72f
F	Maps/Courage_old_winter.xml	666606	83ea4a79618f63d69548c948b89eacde
F	Maps/Crash2_new_summer.xml	1794018	f14c2d4865d53e2f931d2c7a2180f07c
F	Maps/CrashAlpha1Old_new_summer.xml	660121	024e6e2b750f501cb6e454121bb1791c
F	Maps/CrashAlpha2Old_new_summer.xml	841608	5d3dc83a89a3a1d158890983d1e9541a
F	Maps/CrashMt_new_summer.xml	1752443	2df98ba16ec8fad2d676b66c62f6cddc
F	Maps/CrashTlvk_new_summer.xml	1722286	a4f471e98ee6d0d6f4d00e73c0b2d14e
F	Maps/Crash_new_summer.xml	1812481	9f7ee7a89e615c37059db4cea46493ac
F	Maps/Cross1100_new_summer.xml	359857	8a679eaa47efb836940b643f89472f56
F	Maps/CrossMm_new_summer.xml	2568434	97e98a7193fcff3461d59927f3af893f
F	Maps/CrossMm_new_winter.xml	2597042	a821cb740f8692c104d1401b1f2a9436
F	Maps/CrossOld_new_summer.xml	378401	275e06299ba74f6b0c9baf6f4b7d6431
F	Maps/CrossOld_new_winter.xml	382965	9ce361fafaf0a00aa1bb70904410300c
F	Maps/CrossTestOld_new_summer.xml	368923	412e80d62d4d81a5e5da23637fc77091
F	Maps/CrossTlvk_new_summer.xml	1078893	763e6ce4b27dc4f6352708ba5f55129f
F	Maps/CrossTlvk_new_winter.xml	1094215	837e00423c8c3299231298f3cdf86d58
F	Maps/Cross_new_summer.xml	410147	3acacebd9b2f01e2536cb6d7fa660959
F	Maps/Cross_new_winter.xml	414641	3bd3df36526f81037987ff41d3c4af8a
F	Maps/Cross_old_summer.xml	395514	e509f5688333e85228a238b6ede09d5d
F	Maps/Cross_old_winter.xml	400705	405234b0db8f8d2619eed549dde86ebb
F	Maps/Crossroad_new_summer.xml	403230	7069502765932eee232c06d5a68ba8ee
F	Maps/Cryto_new_summer.xml	1936437	e6376835faec3fd2862f5a849279e4b9
F	Maps/Deathtrack1100_new_summer.xml	1730940	d24ccbc4e5c084693ce52cecbbc00e99
F	Maps/DeathtrackOld_new_summer.xml	1793907	a87f7969c8f463ce4eed909b8f217120
F	Maps/DeathtrackOld_new_winter.xml	1809552	0d64a05a7a828c14fe7476c476b1f889
F	Maps/DeathtrackQuest_new_summer.xml	2288132	4ac8c183fdd428e9a30b5e34e4771c43
F	Maps/Deathtrack_new_summer.xml	1536838	6dfce6e012f05af3cd5b632f1fd72aca
F	Maps/Deathtrack_new_winter.xml	1552462	2d8da3e7772c1401dff3229e2115d019
F	Maps/Deathtrack_old_summer.xml	1616377	ce45535281b8a4aef114d34b86be78d7
F	Maps/Deathtrack_old_winter.xml	1632274	ea8e875cafde0cef6464c3e89bb4e61f
F	Maps/Deck10_new_summer.xml	669898	7adc57c6fae10e9754764f1534594a66
F	Maps/Deck9Mt_new_summer.xml	357149	2ed74799f2d15b6b4d62475b0d261677
F	Maps/Deck9Old_new_summer.xml	341490	2ee3b8e74aa9a0520299c231424e93b2
F	Maps/Deck9Old_new_winter.xml	338130	1044005cf63dac8d9b028c083405c431
F	Maps/Deck9Tlvk_new_summer.xml	339123	661c58125480175f632a0b74f76daf5d
F	Maps/Deck9Tlvk_new_winter.xml	342385	1ff7777164f6fc947ccf34405b1e10bf
F	Maps/Deck9_new_summer.xml	343786	58429a8a780052021dcfe2fc61cd3aea
F	Maps/Deck9_new_winter.xml	346803	fb9a52ea40be5c225c3b6e0cf250d76e
F	Maps/Deck9_old_summer.xml	361007	7e1b75c028cde0562e2ca765b304a966
F	Maps/Deck9_old_winter.xml	364372	a32e580f0d339e587a8dc36004158023
F	Maps/Defense_new_summer.xml	843257	db3f37ecee3704f596c607b464b169b6
F	Maps/Demo1100_new_summer.xml	265496	d54cdfa611026b794522a60c96b7fcef
F	Maps/Depo_new_summer.xml	1918582	671fc059334d722c20e168d0d9ae0391
F	Maps/Depo_old_summer.xml	2793880	6118ddf76c1e5fb118bd0066337eba47
F	Maps/DesertMm_new_summer.xml	1221413	6ea66d9f489c528f57b754224865488f
F	Maps/DesertOld_new_summer.xml	762293	23e12e9798fa30c7210bf89f52ccfe2c
F	Maps/DesertPro_new_winter.xml	859103	ac5485cf1b09a491aea86a35f0986d48
F	Maps/Desert_new_summer.xml	846916	9462bcf39e217c6bfb8b82beea3f4ad4
F	Maps/Desert_new_winter.xml	793014	2aa88b0357e2dbbe8707d4ded8aabc73
F	Maps/Desert_old_summer.xml	781376	015c2ab5dc5ef39a969a20a6d7cda1f6
F	Maps/Detour_new_summer.xml	521167	6db3836c356ee911dac3ef8aa2f051e1
F	Maps/Dmitrievsk_new_summer.xml	327630	c95277f933d5182f0cefb3414372203b
F	Maps/Domburg_new_summer.xml	1567339	43b034254af5dc59210d5d023d69f54f
F	Maps/Domburg_new_winter.xml	1577512	48dfa6c982390044eb0d23b49ee5a54c
F	Maps/Dualiti_new_summer.xml	329570	e67567755309e6d8224f482b4841b1e5
F	Maps/Dualiti_new_winter.xml	332965	86b01a9b33185579e30880db66680847
F	Maps/Dualiti_old_summer.xml	245410	c84a3516c51238a60871aa9cd5838755
F	Maps/Dualiti_old_winter.xml	248025	d53cd257d6193389145525f7e6c13c53
F	Maps/DualityOld_new_summer.xml	228927	104aa1084dc1af843f0d6c4165236c44
F	Maps/DualityOld_new_winter.xml	231251	d8d684b8bf6544c77b310a80c35231b3
F	Maps/Duality_new_summer.xml	314105	ff3668925901a094977c798d19e9d58b
F	Maps/Duel1100_new_summer.xml	149893	a68f350488b5ee43cc4335a83c5e3671
F	Maps/DuelOld_new_summer.xml	150127	0ddd7e72539b24c1d183b06961b5828b
F	Maps/DuelOld_new_winter.xml	151765	626552c5bce43fcd09902df3bbaaeaee
F	Maps/DuelQuest_new_summer.xml	402368	3a42f74fbaee188b6cdf1bacef6e7adf
F	Maps/Duel_new_summer.xml	148555	763987110183f46a05597ef386606d1f
F	Maps/Duel_new_winter.xml	150186	6b05fcc0215300d4898f3d8fe9694c99
F	Maps/Duel_old_summer.xml	149957	ac4de044b1af4d3bd2b20b52090cd4cc
F	Maps/Duel_old_winter.xml	151641	310748b64603140e96ad4149f0237c0e
F	Maps/Dusseldorf1100_new_summer.xml	559681	3f7e8b52407f507e6174c8c17f0aabe1
F	Maps/DusseldorfOld_new_summer.xml	576617	2549e7ee9965385fdab70e9a5cb4c78d
F	Maps/DusseldorfOld_new_winter.xml	580705	38be7f0665a721910eae154dab809c6d
F	Maps/Dusseldorf_new_summer.xml	970208	437b9486b786c888334be24aa6d0f825
F	Maps/Dusseldorf_new_winter.xml	983410	58d78a311f16f7dc5d94b40424050f29
F	Maps/Dusseldorf_old_summer.xml	751509	6f5d67ee039db83086bf1f9da3cc24e1
F	Maps/Dusseldorf_old_winter.xml	761137	d4cbcc084b35bcd807ef06d482af5007
F	Maps/Dusseldorff_new_summer.xml	780320	17ebbd276e15025f2b59e1bf00a1408d
F	Maps/Dust2_new_summer.xml	1592342	69a495f8205a933319a7c2d279361d18
F	Maps/Dust2_new_winter.xml	1609520	8825b1e9f066eac78c2916b838c65b0f
F	Maps/Edinburgh_new_summer.xml	432500	d55104799d0b77e4ffe288bcec4d4881
F	Maps/Edinburgh_new_winter.xml	435580	17c3d4028746e4950d8ecbede4da6ad2
F	Maps/EsplanadeOld_new_summer.xml	1142178	81bf41b5f93d008f68063122b8a02856
F	Maps/Esplanade_new_summer.xml	1133795	e9dbff1ef6ebe515c693f58ebae3a7b3
F	Maps/Esplanade_new_winter.xml	1166174	fd5d35a5f4dd5d16cfd80c2d4d3ab97d
F	Maps/Esplanade_old_summer.xml	1175265	559847a65fbb7b137e43a657defa621f
F	Maps/Esplanade_old_winter.xml	1188558	b41015626b8dda174fbc2f9b7be60cf5
F	Maps/EventFuryroad_new_summer.xml	923354	9c69862d50e6dc9e022eaa360241c743
F	Maps/EventSumo_new_summer.xml	196861	9c03908d716d83201f1b032f1f2ded99
F	Maps/Factory_new_summer.xml	840129	b46e43b97f52c5c230dbfc5aa45594ed
F	Maps/Farm2_new_summer.xml	332606	03355763b528bcacd4789ba883a6abff
F	Maps/Farm3_new_summer.xml	929074	ab179106fb6edbc10d0ce46961cf4d2b
F	Maps/FarmMt_new_summer.xml	236703	732d7fd361d5ace0bd43c16bc619dea0
F	Maps/FarmOld_new_summer.xml	209320	4f38e11d6172925f603b51894c119bec
F	Maps/FarmOld_new_winter.xml	212711	0baf31762b9a1e50a17db61b915c3f6b
F	Maps/FarmPro_new_winter.xml	331121	36a2b9a7805840e48ae2c9efdf002964
F	Maps/FarmTlvk_new_summer.xml	816737	bedac60e9ee2dbadbd5b97ebb14052e6
F	Maps/FarmTlvk_new_winter.xml	824526	27b233e5bc4ff12573d311d8cd6b9198
F	Maps/Farm_new_summer.xml	328167	277584c7a90e0eeaa557d72754518e53
F	Maps/Farm_new_winter.xml	215759	1a9e9e11c106d33a98e8b70f3ee1159d
F	Maps/Farm_old_summer.xml	213862	bfef0a8f1452397c2cf89fe77d59abe7
F	Maps/FlyingTestOld_new_summer.xml	375288	eee4147f580115bee8a869c3b6bf1cc4
F	Maps/Fogtown_new_summer.xml	8585119	869a28e7ef072f5699bebefa14fa922c
F	Maps/Football_new_summer.xml	153503	3a8039125cb72ef3d1b83a55423aef5f
F	Maps/Forest1100_new_summer.xml	709403	54929c47ec0f15dcd91d1bf487730169
F	Maps/ForestMmRemaster_new_summer.xml	8106564	73aa9966a8363e9dbf3e5b9892d551a4
F	Maps/ForestMm_new_summer.xml	2012292	795efda390db84ce9ed9adb2b73fecd4
F	Maps/ForestMm_new_winter.xml	2039347	0c985543f8c684d5634d6b18aeb0044f
F	Maps/ForestMt_new_summer.xml	739616	50551493d35e632397ebbab46e737c2e
F	Maps/ForestOld_new_summer.xml	734553	d17182382ff50cc98846de7e24690dbb
F	Maps/ForestOld_new_winter.xml	741063	160b278b760cc490659611b34b41a7a6
F	Maps/ForestTlvk_new_summer.xml	1698956	1424118f917eddbe3ce24293d4471636
F	Maps/ForestTlvk_new_winter.xml	1723931	1d348baae4a739bf189adf78191bc75c
F	Maps/Forest_new_summer.xml	1104226	476f40c569e0275a5a53797111f2b652
F	Maps/Forest_new_winter.xml	1118163	2a8ac89df9634e179fb5293184add169
F	Maps/Forest_old_summer.xml	676642	48d4c4c8e7ed2d388641f06064f31e58
F	Maps/Forest_old_winter.xml	683409	c6f201d1b76b4a215056091af4ab8329
F	Maps/FortKnoxIOld_new_summer.xml	348757	75c7d618c7126aa2d2950185d48764b7
F	Maps/FortKnoxIOld_new_winter.xml	351712	e35f0fcf9c73bedf49875384868d0c09
F	Maps/FortKnoxIiOld_new_summer.xml	374928	eb30e5503c90ba4bf8c45852a2171df9
F	Maps/FortKnoxIiOld_new_winter.xml	378237	0a6df83360af715c79f096f9e2a854f8
F	Maps/FortKnoxIiiOld_new_summer.xml	375245	69ee82f15d42ea59fbdc1f9d4a1a751a
F	Maps/FortKnoxTlvk_new_winter.xml	410252	ee3ae380d53e76ad2643c8f78d3f6d9c
F	Maps/Fortknox2_old_summer.xml	383147	c4d536dc5e55599927c8d73fb0ffd39b
F	Maps/Fortknox2_old_winter.xml	386729	13696007256c168917ccd18ff90f0a8f
F	Maps/Fortknox3_old_summer.xml	363411	33663eaafe69094f070d0e9e16324dd8
F	Maps/Fortknox3_old_winter.xml	366637	4e6ac2bc99feda46d7ac18ef13478953
F	Maps/FortknoxIi_old_summer.xml	386369	77b150431b99f7fceed0009aabceb78c
F	Maps/FortknoxIi_old_winter.xml	390235	7885835eaf17bd12107763dec150597c
F	Maps/FortknoxIii_old_summer.xml	366785	209309f19e5cb5bc12192f555843de06
F	Maps/FortknoxIii_old_winter.xml	370372	212b31b293f285cfdda36c2a3fe2b83e
F	Maps/Fortknox_new_summer.xml	409199	4e200ca4d51dc5ed973dee53a286286e
F	Maps/Fortknox_new_winter.xml	412832	d6b70a62ef31a6563e910efdf07d8d1c
F	Maps/Fortknox_old_summer.xml	357631	0c57df2780c881250f7cbc290d1ea2bb
F	Maps/Fortknox_old_winter.xml	360870	463f96912ce1997196d3f1da3c89514e
F	Maps/Fortress_new_summer.xml	846481	e2e8c60712eeada684c59cb1a1fe2a91
F	Maps/FutureMm_new_summer.xml	1880869	1a83ca6973cc2e5e7ba16f2c02d21833
F	Maps/Future_new_summer.xml	1655048	e92c2d61aa7c5cced95d16e45c9adacc
F	Maps/GalleryTlvk_new_summer.xml	1251906	3a642a5daf5d9da31918ced8076b5161
F	Maps/Gallery_new_summer.xml	1294481	7b3099e8afbd0885c28eac513fade46c
F	Maps/GarderMt_new_summer.xml	385216	db1fcba5264fc9cd9506cba374f3567a
F	Maps/GarderOld_new_summer.xml	382551	cc1f460c33918d0d30ca98da85822cf2
F	Maps/GarderOld_new_winter.xml	387273	75060bf133878bab9a5f10ca1e424023
F	Maps/GarderTlvk_new_summer.xml	378072	c8fee41e3058537a5cd938e7bc7ee388
F	Maps/Garder_new_summer.xml	389403	760a34e9b65efcee63b5bbb3aa448736
F	Maps/Garder_new_winter.xml	386673	189085465d3d940b329c708eba3970ee
F	Maps/Garder_old_summer.xml	381971	21524369ddc51f1165bec211b278389f
F	Maps/Gasstation_new_summer.xml	831228	e7f359233004bb289098669cd168ce45
F	Maps/Gigabarda_new_summer.xml	1899130	f412fc4b181e00283ff29c370433d770
F	Maps/GladiatorOld_new_summer.xml	403332	9bf18c3e6b0b9043e16d264318d2e191
F	Maps/Gladiator_new_summer.xml	408403	05a9b81260da1224ded71ee3d9c29cb0
F	Maps/GoldenMadness_new_summer.xml	1175099	48bc54422b18cc72a740b14324bf2db3
F	Maps/GravityOld_new_summer.xml	381276	2102fa88ab080692a1105ec5d3f54fb4
F	Maps/GravityOld_new_winter.xml	383320	b5b7b020fe5d3b9e01690a0757e4a0a3
F	Maps/Gravity_new_summer.xml	765191	b6e758d87143f1a652239c58ff65204d
F	Maps/Gravity_new_winter.xml	769020	2b3d649e2e1f47eceb83e21c8874e456
F	Maps/Gravity_old_summer.xml	380671	d147c0739ab145832e964d79f4587998
F	Maps/Gravity_old_winter.xml	382708	f4ddb7d8bb11269b4f27711829b585f0
F	Maps/Gubakha1100_new_summer.xml	1219331	5e4827ef80e7b78a787c49db5a87cee9
F	Maps/GubakhaOld_new_summer.xml	1255898	38bc9ad1bb0b40f82340fc07fec733c5
F	Maps/GubakhaOld_new_winter.xml	1265103	fb78267105bde8146b0556fe5945f09d
F	Maps/GubakhaQuest_new_summer.xml	1639815	4ffcab059b8743246cf5ed7e6b85c751
F	Maps/Gubakha_new_summer.xml	1130653	72cdc2446df98495c2cf4ad68d4f2771
F	Maps/Gubakha_new_winter.xml	1141223	ebd9c80f1e968bfb2fd64dae5a2f6e77
F	Maps/Gubakha_old_summer.xml	1207901	a001134216b3b8b0310d564c07ffc337
F	Maps/Gubakha_old_winter.xml	1218343	e7206c558097372e77177c97ff19601e
F	Maps/Halloween2013_new_summer.xml	667425	df8daa014d4b473eb85784db2690004c
F	Maps/Halloween2014_new_summer.xml	2229997	3c05bc98d7adfc2872f619a9f2eee51b
F	Maps/Halloween2015_new_summer.xml	1466700	8a7f3318649c5650ded2d0ff3573fa7a
F	Maps/Halloween2016VektorTv_new_summer.xml	834575	6ca8ed9adb6ec964085657c28637a89c
F	Maps/Halloween2016_new_summer.xml	2615363	a8846980df66bf2b32bdafa0779caa4a
F	Maps/Halloween2018_new_summer.xml	1855908	a32c2b26a5043c5f72092c5120302f3d
F	Maps/Halloween2019_new_summer.xml	2898911	fd48f5aab266d7778c14ef0d571eb9da
F	Maps/Halloween2020_old_summer.xml	749061	4454d1e3b890f6eec01a7d3c66273d2a
F	Maps/Halloween2023Dxxth_new_summer.xml	2437535	e142504ce87cf04ea94e128ed472119a
F	Maps/Halloween2023Errorcg_new_summer.xml	978001	2a271c9f1019d9144184aa6a16a59c9d
F	Maps/Halloween2023SandboxMmRemaster_new_autumn.xml	4410559	4ae4fbe60af2464c44a25fb2990c2e8f
F	Maps/HalloweenAleksandrovsk_new_summer.xml	1542758	80afb7ca4467e13640cd399b92301d8e
F	Maps/HalloweenBarda_new_summer.xml	1144528	4f9f39c4e6459cb860514ee7fb0956ba
F	Maps/HalloweenBoombox_new_summer.xml	502464	7011d5f75e4c60d729c8fb0480a7a28b
F	Maps/HalloweenFortress_new_summer.xml	600227	25703290deb1327aa0dd6fcb5217d6b3
F	Maps/HalloweenHighland_new_summer.xml	695255	560d2b57d03c8b6fb0512b24a82fb173
F	Maps/HalloweenHills_new_summer.xml	1326242	a6469e0c69215d443b5a449bb4a1b70c
F	Maps/HalloweenLargebridge_new_summer.xml	1274052	e9b9245b875cd703db88969a3c6640a6
F	Maps/HalloweenSandal_new_summer.xml	761292	7566496b112ffc887814a35850322b47
F	Maps/HalloweenSandbox_new_summer.xml	688604	792a1a08168c1fe62dec29d853cc4f59
F	Maps/HalloweenSilence_new_summer.xml	761189	c5d4c23fc3545048de462ad22165fe6f
F	Maps/HalloweenWolfenstein_new_summer.xml	1045080	6ac213aa2e16c617bb8eff59c76ec541
F	Maps/Halloween_old_summer.xml	1566213	7772832a45e98138a2d45e8c25f81d9d
F	Maps/HangarsOld_new_summer.xml	720202	506ad31c1621392134d53d5abb8e80ff
F	Maps/Harino_new_summer.xml	1012877	a38320875bdbb5d791956e456dc52ab7
F	Maps/HeadspinnersRace_new_summer.xml	1689804	c6ab14d11d18bfa9292a9aef59c9df04
F	Maps/Heart_new_summer.xml	376649	0d19e0a6b11c887c635d0c9e89a1e79f
F	Maps/Highland2_old_summer.xml	737756	ab6e8acd5f7d6de3e6ed51e621f9b385
F	Maps/Highland2_old_winter.xml	744917	211e21183f70b37988b6ffa932e890e3
F	Maps/HighlandDemonic_new_summer.xml	616902	a9951bac4f9679654e44d0a9bb5abb8a
F	Maps/HighlandIOld_new_summer.xml	605777	30a816be2235e5dccb6b7884c4ab0814
F	Maps/HighlandIOld_new_winter.xml	611298	2862f18a3ad9c80a5ffa03873dbb4e6e
F	Maps/HighlandIiOld_new_summer.xml	694790	a376a48b86b9886be5f99b133b86e990
F	Maps/HighlandIiOld_new_winter.xml	701370	f2c01ed29f6e79ca073cfd52854eea54
F	Maps/HighlandIi_old_summer.xml	722809	5fae990750cef90c2bb726432f9d1a49
F	Maps/HighlandIi_old_winter.xml	729858	c0fef231291f3519edc8e38180952974
F	Maps/HighlandMm_new_summer.xml	1927227	aeee8dd9e4d2ba7eaabe24d7f6da7318
F	Maps/HighlandMm_new_winter.xml	1938872	cc3bdaefa193dd300244f5cabca85816
F	Maps/HighlandMt_new_summer.xml	751140	ff26c82551d8a00f8b42850b287ddbb6
F	Maps/HighlandPro_new_winter.xml	604654	2138950910c981a36f9d11a0b0da8624
F	Maps/HighlandTlvk_new_winter.xml	1838902	0672ef9bcb8f7e68e36d24e40fdee963
F	Maps/Highland_new_summer.xml	598893	1dac94b09303d4f03b107461abe3cfbe
F	Maps/Highland_new_winter.xml	666854	ada75f714cca412cf942a43a3a8ea746
F	Maps/Highland_old_summer.xml	660508	dfb9d8a2ee6a4ec4f3d83f4ab5e3956b
F	Maps/Highway_new_summer.xml	1470323	720ad3c221d3a5b6c2c54e2d03f15e8d
F	Maps/Highway_new_winter.xml	1482111	2ad028d262e64a20bc8fdd72fca7b9e5
F	Maps/Highway_old_summer.xml	1115876	7eaa458ed7994121fce4e7a4d733cce5
F	Maps/Highway_old_winter.xml	1125001	1576b50cacb9dba7116d784328fd0685
F	Maps/Highways1100_new_summer.xml	938995	43c6483eb9fc483926a37c9e3b38c1fd
F	Maps/HighwaysMm_new_summer.xml	1512941	7719fb7e4f356f51a01ae4f2a693c5df
F	Maps/HighwaysMm_new_winter.xml	1528026	81fe9d47aed45da3738499fdcbcb316b
F	Maps/HighwaysOld_new_summer.xml	939974	5509ef8d593238dd1a2b73696b8ea4e0
F	Maps/HighwaysOld_new_winter.xml	946827	cf419f15d36b1d7890431301a3ad9733
F	Maps/HillMt_new_summer.xml	81679	ef1e3688de9456dcf061995efd338084
F	Maps/HillOld_new_summer.xml	82059	c0806fd705cf8d883b5bddf6e79d3102
F	Maps/HillPro_new_winter.xml	91235	06e5f00a4f41455bfcc1bf449f25f7f3
F	Maps/Hill_new_summer.xml	90073	3563d4ead471abf025ad949a5a12ccb8
F	Maps/Hill_new_winter.xml	82470	963bc035bac04d892eb5a2de46aee4d9
F	Maps/Hill_old_summer.xml	81399	4180aeb8121d8444c2c308abd1d794b5
F	Maps/Hills2_new_summer.xml	1832202	554df9e7bfb632c2feb914043bcd5dc8
F	Maps/Hills_new_summer.xml	1271030	c67e4584275e883b7a9b83232e1ad415
F	Maps/Home1_new_summer.xml	78688	32305c2b8f6b0ddf2a18298c79dec2ac
F	Maps/Home2_new_summer.xml	239142	5c3c8b64cb309dc9b3f6479bb171ec9a
F	Maps/HwCastle_new_summer.xml	564096	6a221d18b999347ccb096001000226ce
F	Maps/HwHighland_new_summer.xml	646549	152b9c2bd182949f581f56dc2e8c8000
F	Maps/HwHills_new_summer.xml	2632273	f4ee663fd26095a110c65c069fa9bae4
F	Maps/IndustrialZoneDemonic_new_summer.xml	1291026	a77d1ecf39078e6e3c0dbd847116eb70
F	Maps/IndustrialZoneGt_old_summer.xml	1201983	09b92647aad2ffd53ed02702fbbb9332
F	Maps/IndustrialZoneMm_new_summer.xml	1771856	42f5b872ee0f1bdccffa4af2e83cf2e4
F	Maps/IndustrialZoneMm_new_winter.xml	1788698	1fa44091525b32aa9c45c1903ac3ccf4
F	Maps/IndustrialZoneOld_new_summer.xml	1285260	c101fd17b16efc0b800230a230bea026
F	Maps/IndustrialZoneOld_new_winter.xml	1296026	982a7caa2652190752018ff004c511e6
F	Maps/IndustrialZone_new_summer.xml	1279021	5facc2b9b1903eea83341b93e1bc8f13
F	Maps/IndustrialZone_new_winter.xml	1291068	002e6aa67e559ed14a5591665367dde7
F	Maps/IndustrialZone_old_winter.xml	1213246	9eb2f7ad5dcf23ed5d2d21f5db4f14b4
F	Maps/Industrialzone_old_summer.xml	1201983	09b92647aad2ffd53ed02702fbbb9332
F	Maps/IranMm_new_summer.xml	1140785	4f22a0048e57fa9037ef504b417b0ea7
F	Maps/IranNight_new_winter.xml	1185187	9ee2e81bf180403111afaba4b5690ff0
F	Maps/IranOld_new_summer.xml	1142509	29403df2eb5a07eacecbbf6216620fd6
F	Maps/Iran_old_summer.xml	1154351	d6d71a6030335bb60ce425d77e81f397
F	Maps/IslandGt_new_summer.xml	65849	5ea9b4ddf9be7cc285f8a53ef6bfe67b
F	Maps/IslandMt_new_summer.xml	138398	ee57d50b1545f9291527425fa55f7bed
F	Maps/IslandOldTlvk_new_summer.xml	60959	f4f2cef01a5e1c8a8b3836ff3c1b80f0
F	Maps/IslandOld_new_summer.xml	63081	603e13082b446d9bd4a0504c6a7c16b5
F	Maps/IslandOld_new_winter.xml	61617	0f84c11e83b79917407cfcfb49fa1d3e
F	Maps/IslandPro_new_summer.xml	135316	9c81ebe96c72ec7155bd77b40bc8ad30
F	Maps/IslandPro_new_winter.xml	136632	02ae25c6ed6c136fcec7b52e3dc5655f
F	Maps/IslandTlvk_new_summer.xml	128376	e30f72abcbf4ecfb07f9c4318bd79727
F	Maps/IslandTlvk_new_winter.xml	129692	aa7f27ac4cde083499b77353b06d5d23
F	Maps/Island_new_summer.xml	119092	8b8805b580319e2428aad4a69c24080f
F	Maps/Island_new_winter.xml	66611	7438209184fcbd65d2856c91f060f6d2
F	Maps/Islands_new_summer.xml	402079	06de325595efa0c8951cb60dbbb91e8e
F	Maps/KingdomOld_new_summer.xml	870353	e392fc40f9ff3fc4697a5c5e00d35b4b
F	Maps/Kingdom_new_summer.xml	973896	f145b9292cbb1c028e42c8632dc34be8
F	Maps/Kolhoz1100_new_summer.xml	699791	a76e4b64b58b038a5ad8a63fbff58279
F	Maps/KolhozOld_new_summer.xml	700511	d1a37058020e38b1ba7352372237fb7d
F	Maps/KolhozOld_new_winter.xml	705551	61a97f6721805b8e77af1b470ca6f080
F	Maps/Kolhoz_new_summer.xml	701563	816eafd8cbb35278934cab551b6ba981
F	Maps/Kolhoz_new_winter.xml	707506	8b2311636241b24b575057214c328f00
F	Maps/Kolhoz_old_summer.xml	661396	05b84c388c9ff59a7d2d156ecf4bc19a
F	Maps/Kolhoz_old_winter.xml	666819	a7990bc16f16d68d0bb7808202ab51d2
F	Maps/Kombinat_new_summer.xml	434622	0a431fe54be9f19bb136ba961f555ccc
F	Maps/Kungur1100_new_summer.xml	1052134	9f2490989f8c6882e5f2cf0be17f63d8
F	Maps/KungurMm_new_summer.xml	3094714	262dc37e95d102e078444d8a7d176db8
F	Maps/KungurMm_new_winter.xml	3134558	fedc78a4e0d18c67c13b947ec24ee778
F	Maps/KungurOld_new_summer.xml	1054004	a8a9ae79beb7a836090f73d2621d0874
F	Maps/KungurOld_new_winter.xml	1067094	d4366479cdfd30949bdc4631932b5f9d
F	Maps/KungurTx_new_summer.xml	2709766	c18ccda001cbfb41aee80a9d6b0fc352
F	Maps/Kungur_new_summer.xml	1238924	cf2dea4e8a917fff08415e924c260cd5
F	Maps/Kungur_new_winter.xml	1262178	6be23f1c86b3ea51dc623a5beb7f0ec7
F	Maps/Kungur_old_summer.xml	1064789	3b490f9ed9f564db953b8278fdc42590
F	Maps/Kungur_old_winter.xml	1078947	29d26e6d98ba493dcae146ce8c2553d4
F	Maps/Kurgan_new_summer.xml	2156387	3ca301ac410493e252e30e7c3d3804b9
F	Maps/LabyrinthOld_new_summer.xml	371047	8edd33a4ca5c085177a3254865a55c67
F	Maps/LegacyTlvk_new_summer.xml	1160414	bdda19090e8791ecefc6bf4cb4b6c4fc
F	Maps/Legacy_new_summer.xml	1175867	81b23bb7cabe461199a43b38faa609cf
F	Maps/Legacy_old_summer.xml	1869895	bab7c42cb7dfbddff83788731b23583e
F	Maps/LostTemple1100_new_summer.xml	1891602	bb40e40d649ffc0355254ec90adcd17d
F	Maps/LostTempleOld_new_summer.xml	1958754	0a9ebcfb469e4126d85eb790e4b67d8a
F	Maps/LostTempleOld_new_winter.xml	1975470	8eeb282a184f77b717f8d17f80349e8d
F	Maps/LostTempleTlvk_new_summer.xml	2315955	e4b0b42ae8be5d79c78425e99742d484
F	Maps/LostTempleTlvk_new_winter.xml	2339080	c7b42bd0f52058944ae2d99ca25dfc4e
F	Maps/Losttemple_new_summer.xml	1879301	e0102cc10da14cefd90315c9dd4fe25e
F	Maps/Losttemple_new_winter.xml	1897648	756f42709ad6e46fc89e07f3c1b53226
F	Maps/Losttemple_old_summer.xml	1883072	e1fc9a87a649864be830f796ef07aa34
F	Maps/Losttemple_old_winter.xml	1901783	052aebbc1155dcc9f0eba7f79b998b60
F	Maps/LuxembourgMm_new_summer.xml	2053514	6725669c2cd51507f7568ff4592ad6cb
F	Maps/LuxembourgMm_new_winter.xml	2071394	179ba9fb0f5b8fcc4ac685d31df119d1
F	Maps/Luxembourg_new_summer.xml	594783	6fcd45bbe8e6f2a177a25d297286f548
F	Maps/Luxembourg_new_winter.xml	599739	73f9d4a89736bf1496f7be422da2f6c3
F	Maps/MadnessMt_new_summer.xml	1043983	5164b0e70bc8c92739864508de6d8d0b
F	Maps/MadnessOld_new_summer.xml	1049061	d1c78282aaa9239e74ba163db27416b0
F	Maps/MadnessSpace_new_summer.xml	1290735	1c618c5531e98721087346da38830e8f
F	Maps/MadnessTlvk_new_summer.xml	745169	2d0d439976e46f8b1f9d16a5964c6cb8
F	Maps/Madness_new_summer.xml	1261668	fdd03b1b965e7321f8fb5a881cdc4fa9
F	Maps/Madness_new_winter.xml	1061995	a025cbe77d29b309863e5742b42708ef
F	Maps/Madness_old_summer.xml	1052517	971810cdaa3e8f7eadc434b4d553be64
F	Maps/Magadan1100_new_summer.xml	295922	c30f1177f77d659e4c31531c141c0e43
F	Maps/MagadanOld_new_summer.xml	303866	8466c893df12d1865a4564bc96186fac
F	Maps/MagadanOld_new_winter.xml	305966	419a783679794f83b5cfc58ea1bbb394
F	Maps/Magadan_new_summer.xml	309843	a900ba2c497ee80b0d66168328b32ffb
F	Maps/Magadan_new_winter.xml	312643	3f35927295f2c66c05491029724463a1
F	Maps/Magadan_old_summer.xml	279388	6b1f7d4c6b3dc745fa974fd8f52b5c89
F	Maps/Magadan_old_winter.xml	281751	c56378a46733b2568a8137912101f3f3
F	Maps/Magistral1100_new_summer.xml	1163347	a8e8a2489f6e27519e7a5b7532028486
F	Maps/MagistralMm_new_summer.xml	2047668	6a036c1da7339fa2a8fdd8506dc8d5d8
F	Maps/MagistralMm_new_winter.xml	2069556	4690a03f86dbca4113c8238c28a46f62
F	Maps/MagistralOld_new_summer.xml	1203837	68adc8c4a176ab41a0fb2e586ecdfad5
F	Maps/MagistralOld_new_winter.xml	1214435	6c8807746790846082b06b676eff2088
F	Maps/Magistral_new_summer.xml	1377270	db5980d4efdc2c9f916c11104f86f261
F	Maps/Magistral_new_winter.xml	1390892	710213a5ef9d9189eba2e05a40060934
F	Maps/Magistral_old_summer.xml	1121374	bf74b0b91cbe0fbc5da064ce37c0ae80
F	Maps/Magistral_old_winter.xml	1132298	169d530d7da5831c28bcb628e7bb6eef
F	Maps/Manage_new_summer.xml	788631	4e124bb7470900006595d77e9fd87b14
F	Maps/Map1Old_new_summer.xml	47972	1a02eacbbaa999949812187c9955aacb
F	Maps/MapOld_new_summer.xml	134864	f640390c3edcd3caa0501b86d5bb1cb8
F	Maps/Map_new_summer.xml	40101	532bac3530e61f9aa29537efa66c5bc9
F	Maps/MassacreMm_new_summer.xml	2609948	e9532ab4f66d11dad2e3ae7d1952e9a3
F	Maps/MassacreMm_new_winter.xml	2630164	d28d21c85504ce87235930379243e47e
F	Maps/MassacreMt_new_summer.xml	1005766	4331896b11957bb6f4bbc428eab1e2fa
F	Maps/MassacreOld_new_summer.xml	992126	697177a8ddd17458d9610b9005b794b6
F	Maps/MassacreOld_new_winter.xml	993526	22dc0885c62b72b3c104fcf74b5b142d
F	Maps/MassacrePro_new_winter.xml	1303741	8c99c58c57425fd5702476f46121c4c1
F	Maps/Massacre_new_summer.xml	1300192	5eb90a6491c703d48d1b0089eb1dc280
F	Maps/Massacre_new_winter.xml	1011298	cedbd2bf57a3010d095170f56af17a3b
F	Maps/Massacre_old_summer.xml	1009898	bb8117daf13f2640bac22363ec583017
F	Maps/Medyanka_new_summer.xml	695688	1852baf86785527f43dc8b6612a9053a
F	Maps/Megaprops1Old_new_summer.xml	1640840	ce67b6d1d575587fd82f00e7d7a234a0
F	Maps/Megaprops2Old_new_summer.xml	2222682	acf7685c06016a6d33900b233b42f101
F	Maps/Mine_new_summer.xml	909215	6abcfd39957a80a60f7b1ae03c0968bb
F	Maps/Minecraft_new_summer.xml	1186954	7df8782359a5606db9681839bac39ef8
F	Maps/MiniBrestOld_new_summer.xml	259240	054af5247055706cf26d9707082d5f5f
F	Maps/Molotov1100_new_summer.xml	487149	84eae1534b3f5b3d74815f6aadb1efaf
F	Maps/MolotovMm_new_summer.xml	1857173	9134b4c1912ceb587b575235b072ad34
F	Maps/MolotovMm_new_winter.xml	1881355	fff09108456d80123cf35b69845952dc
F	Maps/MolotovOld_new_summer.xml	510060	38deb934af9c3b134a33e109c184fcf2
F	Maps/MolotovOld_new_winter.xml	515793	b3742ac84326ec84edab38a3da106bf6
F	Maps/Molotov_new_summer.xml	533892	61edbe1a72c6a9b9d77c3e0561422e43
F	Maps/Molotov_new_winter.xml	540752	d05dd9f815a12b141b23f7a7de150c57
F	Maps/Molotov_old_summer.xml	515673	e8e8cadc782dcde9e3c07511c2a54423
F	Maps/Molotov_old_winter.xml	522362	7114a957351bfa67b02418989ac36f98
F	Maps/MonteCarlo1100_new_summer.xml	547754	054d9ace363b152a8d1f3c4c82b063e7
F	Maps/MonteCarloOld_new_summer.xml	548701	2ff70be9cccb22c829fa192e22cc569c
F	Maps/MonteCarloOld_new_winter.xml	555330	05183365433edf46c97d32c33253ed00
F	Maps/MonteCarloTlvk_new_summer.xml	712160	9bdb4e411400257840dc1fa81eeea126
F	Maps/MonteCarloTlvk_new_winter.xml	720106	beed8ff06ceeb63f7666cce50500318b
F	Maps/MontecarloMt_new_summer.xml	579260	13c012c48b3723018bd6afb6c0e02847
F	Maps/Montecarlo_new_summer.xml	655992	861394a8b15e497577c457e638bae9b4
F	Maps/Montecarlo_new_winter.xml	664049	a3b593ee5c851e3f12bc3552b2a99815
F	Maps/Montecarlo_old_summer.xml	554842	c88a03ac61a488d79e74f09209af7bb9
F	Maps/Montecarlo_old_winter.xml	561709	2923a466c2528d7298e17058cdcb2169
F	Maps/MoonSilenceTlvk_new_summer.xml	577978	6e6c8645662ba9525ff126f08abc6e70
F	Maps/MoonSilence_new_summer.xml	703641	e7f3bd3dfcc845859f250019fd9febb2
F	Maps/Moon_new_summer.xml	1161971	a1640dc1e155f3ac9f6e028866d66bea
F	Maps/NewKungurOld_new_summer.xml	1762648	4c8d15f2e38c5549bec83e5465758667
F	Maps/NewPropsOld_new_summer.xml	1958897	4110825f87d63ee4cfa28fcecb9d313c
F	Maps/NewSandboxOld_new_summer.xml	164931	78285091b3ca2b3f6670a6f32875df41
F	Maps/NewTributeOld_new_summer.xml	895024	b6a7dadd5320b091d3a26883eb2c3f41
F	Maps/NewYear2011_new_winter.xml	277279	75d25de52a631a444e1332e61b311140
F	Maps/NewYear2012_new_winter.xml	254313	26dce5190362b6f0c097a57dfdaf6d9c
F	Maps/NewYear2013_new_winter.xml	968573	9abdfe729b5a2e650e6484ec67c9c979
F	Maps/NewYear2014_new_winter.xml	1098625	6bfe16741e74d5e0d1a891352cb52acc
F	Maps/NewYear2015Sandbox_new_winter.xml	819102	ad7c48e5ad832be08756515cd299ad58
F	Maps/NewYear2015_new_winter.xml	2721976	cf11248c14e706a71b7505970b084f8b
F	Maps/NewYear20162017_new_winter.xml	1318183	222fcc6875c2a7d7a742209b5b785747
F	Maps/NewYear2018_new_winter.xml	1141672	48038cc9b9f075e20cc691e69c727708
F	Maps/NewYear2021_new_winter.xml	1280046	44cb6d9d08c2137775f15a7ce9d8e61c
F	Maps/NewYear2022_new_winter.xml	2579861	dd5c35591447bb7e9f8f0677a8f5017c
F	Maps/NewYearYorkshir_new_summer.xml	1348581	7dae57c168a726c3abffd895188a4c47
F	Maps/NoiseMt_new_summer.xml	703567	91b9a97d77b14eed19191774e306f80e
F	Maps/NoiseOld_new_summer.xml	548800	84fe03c08575a6a3b1c2ae06d4c2e9de
F	Maps/NoiseOld_new_winter.xml	553876	4dce89acc59507f93ff3d024302d2c01
F	Maps/NoiseSpace_old_winter.xml	562458	b00ca347851ed1ca7fea039db939574e
F	Maps/Noise_new_summer.xml	534411	f2c9df444b05104a3a86a7f22d0660bb
F	Maps/Noise_new_winter.xml	546462	6665f14ee4a0c3c5ab1b7e331702a1b2
F	Maps/Noise_old_summer.xml	567099	eefc3299db8853f5e14e34e6ec48eea1
F	Maps/Noise_old_winter.xml	572397	c28554248c07524a46ebf8bc980e6a23
F	Maps/NovelMt_new_summer.xml	1194058	cc587eded9c1b9c6d9c44ccc6adc2568
F	Maps/NovelOld_new_summer.xml	1087887	20f54b9f5ce4a35e6393095834746a11
F	Maps/NovelOld_new_winter.xml	1097127	be67b7039e9b2d69575e2d551320c9c0
F	Maps/Novel_new_summer.xml	1149906	a470f68e58eecc02f3a1ec3b03adc28c
F	Maps/Novel_new_winter.xml	1161839	582bf6e8d7b396525054e7d46c4666a6
F	Maps/Novel_old_summer.xml	1146803	5bd1aba6e8ca83fe392529b81b5332dd
F	Maps/Novel_old_winter.xml	1156988	54770a20f05372d0689e4359e3af9120
F	Maps/Ny2021_old_summer.xml	633105	c33aedcbae09247ccc582ba625ff22d5
F	Maps/NyAleksandrovsk_new_summer.xml	1097846	901c3ad37afd50a56b5498f5429a8204
F	Maps/NyBoombox_new_summer.xml	282934	725b949a6145419db0d3fdc38d7a9a9b
F	Maps/NyCastle_new_summer.xml	1338991	289098b185caa3a8a9dd97843136cd52
F	Maps/NyIsland_new_summer.xml	150554	ebdafd941951f89bb591cdd781dc78e4
F	Maps/NyMegahill_new_summer.xml	952957	82caa8361aa9e379f80e9f4e86777dfc
F	Maps/NyTrassa_new_summer.xml	2927200	f546c907525b46c47daed362918cc6f5
F	Maps/NyYorkshire_new_summer.xml	2296076	f17048e477c3dc96f4e9e094a19d9298
F	Maps/OldHarbor_new_summer.xml	2242312	7faa9ff5002b4525d1b0458e5c165d3c
F	Maps/OppositionOld_new_summer.xml	669462	ebed572697adf773a096c0c1d474ebbb
F	Maps/OppositionOld_new_winter.xml	676833	325b26b9a77fa3d73a8385ac82411306
F	Maps/Opposition_new_summer.xml	731187	b907da1e351474a4e21d9558b35b9e5e
F	Maps/Opposition_new_winter.xml	737536	d66db4e259a38dec01408c71f6c5136a
F	Maps/Opposition_old_summer.xml	674962	b6330c9ee3ad2d2132363c356ed9e90a
F	Maps/Opposition_old_winter.xml	680996	6fa54ebba24bd308972149fc6adfde3f
F	Maps/Osa1100_new_summer.xml	1041563	a84c88b82fcd5d25da44ee1919035039
F	Maps/OsaMm_new_summer.xml	2485851	554d10dd334ba45ff606a09ed252e17b
F	Maps/OsaMm_new_winter.xml	2518751	44258dcc55586defe48a5215b5002a99
F	Maps/OsaOld_new_summer.xml	1083463	12bdd98180fad99b175c7aa5c4782058
F	Maps/OsaOld_new_winter.xml	1094131	59e4f8e980ef790a528269a5d9793660
F	Maps/Osa_new_summer.xml	1101653	a3838c8c81f178d6585a67f6297f4adb
F	Maps/Osa_new_winter.xml	1113133	4e3f5462a17b6b1cdfefc53c2946a816
F	Maps/Osa_old_summer.xml	1047357	35bb124fa41b0b88687ba6941ae3b82f
F	Maps/Osa_old_winter.xml	1058680	45326187dfdf54bb3ce0e380bd756232
F	Maps/Parma1100_new_summer.xml	1083973	f3665384e7174e641f6223b4b9b0cd8a
F	Maps/ParmaMm_new_summer.xml	1591201	cf55e24ffe422f874a3f8b06395f63f3
F	Maps/ParmaMm_new_winter.xml	1606964	a80da96c9ae719e9ad6c8d0792bc8869
F	Maps/ParmaOld_new_summer.xml	1084977	add632ea0fcccee24436b48973fca6d4
F	Maps/ParmaOld_new_winter.xml	1092005	953d0001ec58c250001a07a15e785c3a
F	Maps/Parma_new_summer.xml	1022877	50758c4edf8c7df937c4fc6b8e32df0d
F	Maps/Parma_new_winter.xml	1030507	9011bf1e47f42270f4dbc2599f9dbe1f
F	Maps/Parma_old_summer.xml	999312	2578bedf52946ea5b9eb8b45959f4990
F	Maps/Parma_old_winter.xml	1006762	b66571e95338c37fcb8f88a804ba2c4b
F	Maps/PassOld_new_summer.xml	393122	d1f4948468dd58ccf14616470e5474bb
F	Maps/PassOld_new_winter.xml	398271	23377e3884ad31c351a25cdd1aa56878
F	Maps/PassTlvk_new_summer.xml	1622775	af4ed6ff8200359a5d924c030a165989
F	Maps/PassTlvk_new_winter.xml	1630627	716362401d6a456362925bc7fc10a1d3
F	Maps/Pass_new_summer.xml	409567	393f8cdda81f8daa12155103a07e0319
F	Maps/Pass_new_winter.xml	414425	657dcf30d4b1cf14393e7de27d6c5ad5
F	Maps/Pass_old_summer.xml	436670	0d066d4b8d1061e6d6f14b0539d6bdaa
F	Maps/Pass_old_winter.xml	442113	96b4b321bf00fc46ebdcdc50f16e3f9c
F	Maps/Peak_new_summer.xml	706290	13b8ebb2a37d69a14d1e7a8deb633548
F	Maps/Peak_new_winter.xml	713319	6ca8afe395dcceaae3140c9c8f213cd0
F	Maps/PedestalOld_new_summer.xml	341476	7f34c8d081d39eeaf6d3b35a743ae43b
F	Maps/PersiaOld_new_summer.xml	1464365	8bcac892035eac44417232d0463d7fac
F	Maps/Persia_old_summer.xml	1466970	40ad1975b8b4f66b1c532430a458f8a1
F	Maps/PingPongOld_new_summer.xml	96587	a3f2c8cba7fdf9d54871a9e53f27dd5c
F	Maps/PingPongOld_new_winter.xml	97644	30699f8769558437821addc05bc59717
F	Maps/PingPongTlvk_new_summer.xml	127803	355946927dc78546d54c98157b808ba7
F	Maps/PingPongTlvk_new_winter.xml	129216	9ea3b6ae81d69f14add0ce4126e29d18
F	Maps/PingpongMt_new_summer.xml	132781	1c9ab7b5f8f6b19e2652215b265035d6
F	Maps/PingpongPro_new_winter.xml	136982	071de4c464289c62b1bf045878505ce5
F	Maps/PingpongQuest_new_summer.xml	344790	e8bbcd686ce59404f9e3607d6ddf18d5
F	Maps/Pingpong_new_summer.xml	135631	9d59ed6acf221ab5f3681ce412deced3
F	Maps/Pingpong_new_winter.xml	117265	cbefdb97569b38d68108eb4a435c9cc9
F	Maps/Pingpong_old_summer.xml	116028	992d276e21c90435142fa332b355d386
F	Maps/PlantOld_new_summer.xml	101740	9a41c883831e7b01cc90989994242bb4
F	Maps/Plateau_new_summer.xml	1819850	7c50d79f3c32f259c741c8baebb42563
F	Maps/Platform_new_summer.xml	699619	c8c543ef7b74ad349c8e050c32f560de
F	Maps/Polybig_new_summer.xml	1163482	2760d5a7ffbfc35d59a813744d7f2f56
F	Maps/PolygonDemonic_new_summer.xml	710508	bd818a814a8d49962c46bc236d3508cf
F	Maps/PolygonMm_new_summer.xml	2216233	a7cebcfd452d55038fe4c17e2f15dcff
F	Maps/PolygonMm_new_winter.xml	2231529	c150a3ec8881bfb75fd2c88a62d064ba
F	Maps/PolygonMt_new_summer.xml	560518	f928a14702e0706c85d67a5f685be9ba
F	Maps/PolygonMt_new_winter.xml	567728	0524e1865a805aec1900464c2d6ee524
F	Maps/PolygonOld_new_summer.xml	472927	7b25112ff00fe006dd4c806b9556fefc
F	Maps/PolygonOld_new_winter.xml	478280	150dea89382718f588d36c0bd7631ed3
F	Maps/PolygonPro_new_summer.xml	744336	b40b39d1a46a19489344d977d85c0484
F	Maps/PolygonTlvk_new_winter.xml	1456602	968961264e4c877f826cdf0c4ffd4114
F	Maps/Polygon_new_summer.xml	1601343	e7c5e640933b73d9540401be30315197
F	Maps/Polygon_new_winter.xml	751490	ba60977af7e24c443b3d8a80f5cd3457
F	Maps/Polygon_old_summer.xml	523150	2c69c91c1b3575d9e4cb28a03a0c06bb
F	Maps/Polygon_old_winter.xml	529646	63fa98699a633d2ab6bb729ba747b0e0
F	Maps/Port2048_new_summer.xml	582679	eca89660059e3271e4ed869f78ec51b0
F	Maps/PortOld_new_summer.xml	710196	52e25fa2c2dff44f9db4cebb2c66feac
F	Maps/Port_new_summer.xml	761223	47ee86caff6616a1047f5b166f1be575
F	Maps/PositionOld_new_summer.xml	596950	4c1d9d17125082f01d628ae0cd02214e
F	Maps/Position_new_summer.xml	595535	952eff4dfbf73c9d1748bde3a5508ae0
F	Maps/PratoNy_new_summer.xml	1327834	ec00d11c5d1ec97a80f88c828965bc14
F	Maps/Pripyat_new_summer.xml	2214	39dd2efe2378fe8761b7e548439f0080
F	Maps/Prospect_new_summer.xml	733251	93c9f2d88753033335fcec41feca078c
F	Maps/Prospect_new_winter.xml	411477	3cb6d775b7d4a1aac678a9dcadb1730d
F	Maps/Province_new_summer.xml	2998728	79fd0f5680ccb4cc1009e70cc295ec51
F	Maps/Railwaystation_new_summer.xml	593925	d17b46cca2ae2c0177fe6d2074c1499a
F	Maps/RedAlert1100_new_summer.xml	935788	02b762a838fbac60bc135782863f2fce
F	Maps/RedAlertMm_new_summer.xml	1796639	3ef56669c08bb9f5a32f3af748e44a65
F	Maps/RedAlertMm_new_winter.xml	1818647	554f7d7404e42574869317a17b54a429
F	Maps/RedAlertOld_new_summer.xml	965668	dc6530397b21f22f544d57bb991e817f
F	Maps/RedAlertOld_new_winter.xml	973144	d4aa78763474836e4212fc6e0993d1ca
F	Maps/Redalert_new_summer.xml	1022801	49f5bd0978a9016c6341125ac23d6060
F	Maps/Redalert_new_winter.xml	1031978	b706c6278619e177bea8a1359d2d54c3
F	Maps/Redalert_old_summer.xml	949527	2b3847b95e7f26d978432ebc369554cd
F	Maps/Redalert_old_winter.xml	957479	775443fd37c9bac678b6e6af1b06d150
F	Maps/Redshire_new_summer.xml	675876	0d3c68757cf62ce45ef4c92d7e206b98
F	Maps/Refmap_new_summer.xml	33758	405103dc4ca3e6c30cd16d1c092333ec
F	Maps/RelayRace_new_summer.xml	976327	e8a43e7f82fc3393dbad8f65d7770c6a
F	Maps/RelayRace_new_winter.xml	1178314	a5056478d8808b6bdfd631f19a688cbc
F	Maps/RiftOld_new_summer.xml	663470	163878b674c7ce256c849b06661b5aee
F	Maps/RiftPro_new_winter.xml	827227	3c2f57fda11992cd60690493302215a0
F	Maps/RiftTlvk_new_summer.xml	1667132	1a9ea1fa4564903af4ff0b07109ac061
F	Maps/RiftTlvk_new_winter.xml	1679578	4d6e6d3f02f45f639ad3b9c339a7f3c5
F	Maps/Rift_new_summer.xml	819156	dbcd9d5420ea8b6762d92c164f64d8ac
F	Maps/Rift_new_winter.xml	666110	a3d00e8e18289a89baf26c5081ebf5cd
F	Maps/Rift_old_summer.xml	660316	ea7e9521053b79736caa57411879215c
F	Maps/Ring_old_summer.xml	661673	fbb0aca5dc89e7dd592e33353092e188
F	Maps/Ring_old_winter.xml	667749	7be973e5446654cc4bd0bfc12de4548e
F	Maps/Ringrace_new_summer.xml	1399054	005365a896f24240d4925da2efc2a856
F	Maps/RioMm_new_summer.xml	2362744	e4668e67576cd02d35bdc270e6d6363b
F	Maps/RioMt_new_summer.xml	982065	8101a0058fcaa5ee7a60fc0fc8d9d42d
F	Maps/RioNight_old_winter.xml	2568566	826d80297763a32bab0bbdea96dfedcb
F	Maps/RioOld_new_summer.xml	1153015	0943e41f1b7f54ce9bb76c3d7717ff97
F	Maps/RioPro_new_summer.xml	2419151	417de256ae48ee289839ed24be195a38
F	Maps/Rio_new_summer.xml	2480259	bd12b4bcb5520151db3ecfec5e9eb54f
F	Maps/Rio_old_summer.xml	2554524	4344c54b9a4ee250c93ac9532509efd3
F	Maps/RouteVektorTv_new_summer.xml	351045	b3c4368449301b400cae4fd31de9c87a
F	Maps/Ruinberg_new_summer.xml	587008	fc8af255d6ce32649c7c0b897bef63ba
F	Maps/RuinsOld_new_summer.xml	325063	e56d6b12d173926e2798acf9f29585e5
F	Maps/Sanbox_new_summer.xml	305694	5db5da9571f18caacbd0c01d08a48781
F	Maps/Sandal1100_new_summer.xml	488915	b15f0abccaeb30303d8f11e19a445ff2
F	Maps/SandalMm_new_summer.xml	1868739	a68271da1f203b4199843d07ccdcbfdc
F	Maps/SandalMm_new_winter.xml	1890089	ebb708ead284f1b99d34104e6383bb0c
F	Maps/SandalOld_new_summer.xml	490713	fd16f9addbcabcdfd6f85ce9178aeb5f
F	Maps/SandalOld_new_winter.xml	494790	6eb7cf93f0518733b4fcab1cf3774d6d
F	Maps/SandalTlvk_new_summer.xml	957659	76c056c2bd5573ecbd28af0fb1a594cf
F	Maps/SandalTlvk_new_winter.xml	968469	c482a58cdc2db2d362b2cf2fe81d476e
F	Maps/Sandal_new_summer.xml	531934	6bcd9b7e36b051a701002eb77f8e52d6
F	Maps/Sandal_new_winter.xml	536869	26a98f8d760ae2471a7694990347fcb4
F	Maps/Sandal_old_summer.xml	505459	c4bd85c39b46b1bcb58d74d1d674b0b7
F	Maps/Sandal_old_winter.xml	509754	bbdd6f4feb06c5fae3d1811837c129f1
F	Maps/Sandbox1100_new_summer.xml	354364	3dc6d0f36dd26c3be5b8e3ddca2052c8
F	Maps/Sandbox20_new_summer.xml	2628877	330d5810ce9269c89048b6abe657d6b6
F	Maps/SandboxMmRemaster_new_autumn.xml	4295365	b26457dd9c451dfb07176d72f0dfa0b3
F	Maps/SandboxMmRemaster_new_summer.xml	4284480	e436925c4b6c75bcb1602b2f5da01c5a
F	Maps/SandboxMm_new_summer.xml	2557840	a25ff6c58ab5a8b5b632f943df4b3613
F	Maps/SandboxMm_new_winter.xml	2587108	92053f79c1d11e82c9585b6869c2cf37
F	Maps/SandboxMt_new_winter.xml	309789	2d7bed3557aa6868a638f2db29f65769
F	Maps/SandboxOld_new_summer.xml	355025	5fae61601a09135da7b95a059ce224ed
F	Maps/SandboxOld_new_winter.xml	360806	c33043ee2bdbf30508134ef27f3beca1
F	Maps/SandboxPro_new_summer.xml	682167	bd84493884818d8778efdcc0af0a5ee4
F	Maps/Sandbox_new_summer.xml	810345	5c01cf8fdb843dfa987d3f8bd52c8bee
F	Maps/Sandbox_new_winter.xml	692408	43b73e3c0dcb4ddbd1623db3eed88df0
F	Maps/Sandbox_old_summer.xml	360820	d02cf935c36a118c38da522e5b0308fb
F	Maps/Sandbox_old_winter.xml	365566	1eba37b03d5f91ec8f5aea0bf4ef8a22
F	Maps/ScopeMm_new_summer.xml	2164110	07c1f09adf04ad12b0e2995f83582504
F	Maps/ScopeMm_new_winter.xml	2179580	037957e8ddfcaecd6dc3117344771edf
F	Maps/ScopeOld_new_summer.xml	1481556	357f8ba9da96fccf6aef1607b7182076
F	Maps/ScopeOld_new_winter.xml	1497103	6c7d20279e69f7661af06195fc1caab7
F	Maps/Scope_new_summer.xml	1452455	86fa53db6f04a706b941127f5e9d926a
F	Maps/Scope_new_winter.xml	1467134	5c959ec11188ad6e423e6d2e7723337d
F	Maps/Scope_old_summer.xml	1429207	8eceda04118420f4a46de6facb8bb16c
F	Maps/Scope_old_winter.xml	1444649	3067c4b72dbc71be1aad2a43486774d9
F	Maps/Seiva_new_summer.xml	1746503	477fc492147db9936564bfddd9593961
F	Maps/Serpuhov1100_new_summer.xml	870512	8f3868bb92842d0d1a183e08cc5a4c99
F	Maps/SerpuhovMm_new_summer.xml	1980768	755f8f1520e76fca3a5a40f62254a41b
F	Maps/SerpuhovMm_new_winter.xml	2006073	a13291cdb2717e50ceecd40ef4c40462
F	Maps/SerpuhovOld_new_summer.xml	871740	0c09e09f4f2be146a2a92ced33c7e5ce
F	Maps/SerpuhovOld_new_winter.xml	880336	9a59c9fcefbc15d9fbd1d3257390bb9b
F	Maps/Serpuhov_new_winter.xml	955596	e922265d3d8b201da35943c07267c0dc
F	Maps/Serpuhov_old_summer.xml	903422	9aeb7e6d5485f310bc1b4dd9c582fb25
F	Maps/Serpuhov_old_winter.xml	912729	e70dd497e7ac5eb6d11ac1b4f0ce6a7c
F	Maps/Serpukhov_new_summer.xml	869927	ca77035718f00ecc7a75090086f17356
F	Maps/ShortBridge1100_new_summer.xml	314458	19aff232bfea8aec9988813e76dce477
F	Maps/ShortBridgeMm_new_summer.xml	1067334	a72e2e99f5ffd5ab1e954346acb4945c
F	Maps/ShortBridgeOld_new_summer.xml	316319	f99689bbf1c2293744defc0e045cee9f
F	Maps/ShortBridgeOld_new_winter.xml	319672	8f5f8351b01d485e8925cb23676e18f9
F	Maps/ShortbridgeMt_new_summer.xml	275536	aa163ab9a04b9069cedec8b0c6a14d25
F	Maps/Shortbridge_new_summer.xml	308704	627bbe92cfcd892c25787dde8cf74b94
F	Maps/Shortbridge_new_winter.xml	312358	0bb3f89035bac16a96231839c094bff9
F	Maps/Shortbridge_old_summer.xml	306292	6960fa99cfca7cb5b32919d09c7277e6
F	Maps/Shortbridge_old_winter.xml	309505	2642d0391ddea6cf8d7042076696c828
F	Maps/Siege1100_new_summer.xml	1208487	193b02aaf4e66547c289bf44a311f943
F	Maps/SiegeMm_new_summer.xml	3153271	f82fff148a2f7fe9dfc187040db27ec0
F	Maps/SiegeMm_new_winter.xml	3179493	f22052d3a0d1875ce8365fab7956081f
F	Maps/SiegeOld_new_summer.xml	1209550	8ee356c74d6007d63ef176d3795ee365
F	Maps/SiegeOld_new_winter.xml	1216991	482c7b64a1d31cdfa22133c5d333f85a
F	Maps/Siege_new_summer.xml	1274581	f2c365343e76ebb44209e8f2cdf871ea
F	Maps/Siege_new_winter.xml	1284465	351c7380f668c0d016aa0f39846e4344
F	Maps/Siege_old_summer.xml	1146093	539aed0ea5fb2d5c13f884a07cfb934b
F	Maps/Siege_old_winter.xml	1155359	61f4a7a25ea0e36ac5a42ff7d1f46168
F	Maps/Silence19_new_summer.xml	1329578	d3926d51a9dbad8c7b87880b8acb8ce8
F	Maps/Silence2Evening_old_winter.xml	712724	ee6e7bc2764d988c0a98da498aaecb7e
F	Maps/Silence3_new_summer.xml	1388799	c0ed23c6ea1423e06f2f112a85277c7e
F	Maps/SilenceDemonic_new_summer.xml	994995	32e3297dcf8e36b9e870d6a06feeac9a
F	Maps/SilenceGt_old_winter.xml	676993	0bd04cf6b305e6777e7fb3ff3736638c
F	Maps/SilenceIOld_new_summer.xml	621801	62de6bce803e3a0502490e05402ab2e2
F	Maps/SilenceIOld_new_winter.xml	623255	6b724d1a451c931a1fa2f09f30d345a0
F	Maps/SilenceIiOld_new_summer.xml	660307	1c94a932e867aadab107d748f19aaf82
F	Maps/SilenceIiOld_new_winter.xml	664954	53982940507aa45271ade11b51f8e712
F	Maps/SilenceMirror_new_summer.xml	1175199	3f0f684d60cf13c386ee20b59a5dc005
F	Maps/SilenceMm_new_summer.xml	2244085	10e770beaa85033e4924b0a5d83fd528
F	Maps/SilenceMm_new_winter.xml	2258817	e2328049f911fa52d34d5583a0cf79af
F	Maps/SilencePro_new_summer.xml	965264	d2ba7d2de89d03e12321c34d1908c7a2
F	Maps/SilenceRemakeCy95v_new_summer.xml	5094168	331e347d2839f9c41cef9d7b5c11d2b8
F	Maps/SilenceSpace_new_winter.xml	675505	c8a456b912ff1570173330411f21d5ec
F	Maps/SilenceSpace_old_winter.xml	673359	eb221358b3800e615efab0bd4d427e7c
F	Maps/SilenceTlvk_new_winter.xml	2097377	ae94da3dd5985e1fb3eb436935772296
F	Maps/Silence_new_summer.xml	2103017	c843dc6e52c20aa80752a94f346167ab
F	Maps/Silence_new_winter.xml	973006	8d8add98656eb98ec404a3d9cedf034b
F	Maps/Silence_old_summer.xml	671071	a9eb2f79a4d117a618e58e22f58c96bf
F	Maps/Silence_old_winter.xml	706032	c6e6f1f5bdaa03494fe9a52e83fbc6d4
F	Maps/Silent_new_summer.xml	556522	56e5c457028445e863e8904367ed2dec
F	Maps/Skirmish_new_summer.xml	1297568	7f7423299d4e4f97477d5c32948717a7
F	Maps/Skylark1100_new_summer.xml	1168925	198563b18a8d094437d149fe6124f8b4
F	Maps/SkylarkMm_new_summer.xml	2102730	769cc48c6f748c392ab0c32cff431e04
F	Maps/SkylarkMm_new_winter.xml	2125284	04eba7fc37a1571d09e35499f6cbddfe
F	Maps/SkylarkOld_new_summer.xml	1170251	36ac7b47d309c06ff68c8d9acc3224d2
F	Maps/SkylarkOld_new_winter.xml	1179533	8c09b712183745c1edebd265fe97973e
F	Maps/SkylarkTlvk_new_winter.xml	1098652	dca04080c943d0a0a06f05c7a4ee77f2
F	Maps/Skylark_new_summer.xml	1116804	96dadf7fed55a0ee034e29fcfceaa8a8
F	Maps/Skylark_new_winter.xml	1126779	9a4683901aad4860316cf45779949d7e
F	Maps/Skylark_old_summer.xml	1101870	26b77b74a7ff9cae7443470c80be9e6c
F	Maps/Skylark_old_winter.xml	1111668	524dd1a257025cc892850b1a6359a964
F	Maps/Skylarks_new_summer.xml	1100557	b83afa431587336525d86a89ec8bd453
F	Maps/Skyscrapers_new_summer.xml	2362486	7c978df9d7af373b3c9f60f3f09569b3
F	Maps/Snowarena_new_summer.xml	1140979	19b32a7df45f55070d6360bfc486af32
F	Maps/Snowbattle_new_summer.xml	869655	a785c7d49b5c52879f1bbb5bd872d90f
F	Maps/Solikamsk1100_new_summer.xml	1151974	f1264b204170974b71c49c4e1b83fe42
F	Maps/SolikamskMm_new_summer.xml	2432931	556c1beeea12fe0258e22e3f322536b6
F	Maps/SolikamskMm_new_winter.xml	2461015	571eefa4d04a756a3f42de8b651f4f4d
F	Maps/SolikamskOld_new_summer.xml	1193836	53fe5fd86c53172631342ecd74b5cee5
F	Maps/SolikamskOld_new_winter.xml	1204434	7af965badab0df5fee5ae039a8495d74
F	Maps/Solikamsk_new_summer.xml	1927179	70555a9eddf0409e5defdb0aeb6e73ba
F	Maps/Solikamsk_new_winter.xml	1949047	3070414283c96cb24038188924aca813
F	Maps/Solikamsk_old_summer.xml	1103943	21c5ad92c58aab2eeb688d83d65188ed
F	Maps/Solikamsk_old_winter.xml	1114769	be5ed7ab802de1a274b332d490a3fd06
F	Maps/Springfalls_new_summer.xml	3021444	3df346cc3f4cd4642108a8c57c44f700
F	Maps/StadiumMm_new_summer.xml	2102110	52f0e46b7b8144c9fdb79c9f8c00ff09
F	Maps/StadiumMt_new_summer.xml	1246448	68ce07a5a818813208a4fb1d09019558
F	Maps/StadiumOld_new_summer.xml	1288973	e91fb873685aede0b0338e4437fb977e
F	Maps/StadiumOld_new_winter.xml	1306606	38ee2d8e92267dd2560eaf995fec9403
F	Maps/Stadium_new_summer.xml	1621207	9c1523e3ffa311e00f25802bdb0a136e
F	Maps/Stadium_new_winter.xml	1390674	fc81dafa3a57a999d4bd4755a81de430
F	Maps/Stadium_old_summer.xml	1275914	634de461d8c7d2635cead61aaa223db9
F	Maps/Stadium_old_winter.xml	1293337	d7c80817c60d6240dc0f343b9cf2d987
F	Maps/StationMt_new_summer.xml	442661	46731b2995c14d2b0d5c43db7428dc57
F	Maps/StationOld_new_summer.xml	454136	300b7987de0ff52b4e44871950df1dd4
F	Maps/StationOld_new_winter.xml	458084	5d2e6feb9d65f4ff138f681c026064d5
F	Maps/StationTlvk_new_summer.xml	433298	fcc5728b4f16d411c949c028e63e7172
F	Maps/Station_new_summer.xml	450523	b3ddbc759f7048438057799e37c5f9b1
F	Maps/Station_new_winter.xml	454513	1ff34c38b97268170c0cc982fa142ad7
F	Maps/Station_old_summer.xml	505916	ccd30e6c630c63d2bbbcdf081dfc9951
F	Maps/Station_old_winter.xml	510711	c4df1acdeb0f415df1bf8a3fe0caf829
F	Maps/Streetracers2_new_summer.xml	2442006	d78e471da653a016bcaf91438f157389
F	Maps/SubwayOld_new_summer.xml	1203102	eb2af79cd78f8923bdb148a6e22610a4
F	Maps/SubwayOld_new_winter.xml	1216885	e59d9aafd5f39d8104050b288eb212dd
F	Maps/Subway_new_winter.xml	1045093	2ab97876a54096a420de28f0107389f7
F	Maps/Subway_old_summer.xml	1219112	1278020d836281b84ec83715c9f1d488
F	Maps/Subway_old_winter.xml	1233224	f54c0727142225604c1e140b7702ba6b
F	Maps/TankistogradOld_new_summer.xml	31305	9291d5ddddc96056d97cabc47eeb6220
F	Maps/TestMapOld_new_summer.xml	117952	8b38bae93aef9490454b7949bfc5d1d7
F	Maps/TestOld_new_summer.xml	135456	3cd462066d5d3f2c8f058c200acd2089
F	Maps/Testbox_new_summer.xml	499067	3cb6334614688cdbfc2f341eb548c335
F	Maps/TestingGround1Old_new_summer.xml	153821	d372d6c1b15d5897363a9e99bbc2cf2c
F	Maps/TestingGround2Old_new_summer.xml	780	756ae28f85a5309ce00e92de652f588b
F	Maps/TpsOld_new_summer.xml	1543618	35753d4f702613bdfb0311128d75f341
F	Maps/TrainStationOld_new_summer.xml	415955	2067d7a83f9f05cf27b99d53eeaa0f59
F	Maps/TrainStationOld_new_winter.xml	420897	37a158b7ff446854c1bb782630ce4b90
F	Maps/TrainsQuest_new_summer.xml	769240	dbd139b547dacc5bd512fa4435389954
F	Maps/Trains_new_summer.xml	503762	f2f4026bedcef671ad9a210a21f03b29
F	Maps/Trains_new_winter.xml	509782	dc3ccc0d039bae8995b8cf8425e97003
F	Maps/Tribute1100_new_summer.xml	475621	bd710becafcc945a80acec3ffa43524f
F	Maps/TributeMm_new_summer.xml	1775910	ecb44bc34271d3c394aa8c4337049144
F	Maps/TributeMm_new_winter.xml	1801824	e4cc1e3ddbffa2e54619289df146fca5
F	Maps/TributeOld_new_summer.xml	497923	ec56ff61e35b8bc0e7fac74e4bf6731a
F	Maps/TributeOld_new_winter.xml	503901	b53615c22c2f16985e43e4a177abf998
F	Maps/Tribute_new_summer.xml	560241	919c1ac339d405e644c1dd1fa9442ae6
F	Maps/Tribute_new_winter.xml	567227	269207ce14e4a8c58734d35b18d78d3b
F	Maps/Tribute_old_summer.xml	512874	5c9da815c8d603f9dd46b8ee3c5a889e
F	Maps/Tribute_old_winter.xml	519643	395c839ca6724d398de29386b9c85728
F	Maps/Tutorial_new_summer.xml	976838	3f91c15b38f0db55c1c0911fcb3373e4
F	Maps/UnicornsAndRainbow_new_summer.xml	222029	e7258a5d2c08de195794e5c44296b517
F	Maps/ValleyOld_new_summer.xml	418612	5d4912331789131c408088ae76f60c0f
F	Maps/ValleyOld_new_winter.xml	421900	f0644f0dce1178dabd2dd023cfc959ae
F	Maps/Valley_new_summer.xml	431968	87e846f494eb6f9669ac7cbbfd3be576
F	Maps/Valley_new_winter.xml	435937	f58c9c622bf29f7ca59405325c2e2678
F	Maps/Valley_old_summer.xml	425909	bc02d8b45f7028ad157b41ba7d3f929c
F	Maps/Valley_old_winter.xml	429871	88f5a8d1c3ae8f1e54acb07f9bcdf23a
F	Maps/Village_new_summer.xml	246506	a24e0ce53460e91695df18ca6b010b48
F	Maps/WaterUtility_new_summer.xml	1090019	39bbb92d07d7b7b6d23e1b1ff23281b6
F	Maps/WaveMt_new_summer.xml	230547	f5c3ffea7207aaa491c6e81af0a7537e
F	Maps/WaveOld_new_summer.xml	205878	5768d458d2bed2c6c5ae1e5173b2265b
F	Maps/WaveOld_new_winter.xml	208587	933882f1c33a2c9a8a32cad27f4b4fa4
F	Maps/WavePro_new_winter.xml	233995	3d88ff912749bab88c0d93c887d59934
F	Maps/WaveTlvk_new_winter.xml	186587	bf28d772aa0e367f6d91e066d2c8491a
F	Maps/Wave_new_summer.xml	230887	b128e7f6a4703a8f98c30ad5ddb56073
F	Maps/Wave_new_winter.xml	211503	adde91e7ccc70a703f92dc9c078d99f8
F	Maps/Wave_old_summer.xml	208731	79b9a415ba17be5c1f4c2633fad3dcc3
F	Maps/WestfieldMt_new_summer.xml	2411983	15bf7ef93cb769765d1dffc5ef64fffc
F	Maps/Westfield_new_summer.xml	1712666	ce13114937bc3cc598edc10565fadb39
F	Maps/WolfensteinMm_new_summer.xml	1815203	e23e3d32d0866f19205d3720d7bff572
F	Maps/WolfensteinMm_new_winter.xml	1836462	4a44ee38e1def4ef2d589de181cab147
F	Maps/WolfensteinOld_new_summer.xml	984908	dfc4b7db6574db336fcc34f2d013b1fe
F	Maps/WolfensteinOld_new_winter.xml	993910	59c181c083422a5dd4bb94a7bc2adcab
F	Maps/Wolfenstein_new_summer.xml	906454	bbad4c616adf668e9793c7a0ed478646
F	Maps/Wolfenstein_new_winter.xml	914630	567cbe08b8aecd548ef44d46368a6f28
F	Maps/Wolfenstein_old_summer.xml	1024997	29e93b2ad254cd2a766f146185def70d
F	Maps/Wolfenstein_old_winter.xml	1035126	80bc20c6733da38abce5df64f819bee3
F	Maps/Yard_new_summer.xml	3203060	20aed5300bc8924e490bf0f0afa37391
F	Maps/Year2042Mm_new_summer.xml	2249649	585c46d5c1c5aaafb7d4b6e1ea9f2726
F	Maps/Year2042Mm_new_winter.xml	2277481	009c1a2ec52fc7cba2ad6f10dd8d3e0c
F	Maps/Year2042Old_new_summer.xml	1013127	c9c39210b0abe438d63aca27ce2750e9
F	Maps/Year2042Old_new_winter.xml	1023420	15a59a62744a2fe91b68660bf09e571d
F	Maps/Year2042_new_winter.xml	965488	1d2007ad65af36eea28ca33da74e9e92
F	Maps/Yekaterinburg_new_summer.xml	921043	1441a6e32e5295448daad95b09fc88cc
F	Maps/YorkshireMm_new_summer.xml	2236737	d4b35cdd34554b9860958fb6b537261b
F	Maps/YorkshireMm_new_winter.xml	2258410	601445163c80d83c38223b1aca5355e4
F	Maps/Zavod_new_summer.xml	325622	1eaa57e2bbbda9533eade9453105ded3
F	Maps/Zone51_new_summer.xml	1227646	67da854ff639dbc9d1ca4aa4a9917358
F	Maps/ZoneMt_new_summer.xml	470248	05f477af53123df44c05ab86a8e2b79a
F	Maps/ZoneOld_new_summer.xml	476250	57555ea9b0743e7fca94ba84a67937ca
F	Maps/ZoneOld_new_winter.xml	479691	75003e37427c18b77d8962db839ddf8b
F	Maps/ZoneTlvk_new_summer.xml	463694	3f3e4f588e1fae4054a153748ccdb14e
F	Maps/Zone_new_summer.xml	476387	cb518a4644a6bc46605d11eb8c6c17a0
F	Maps/Zone_new_winter.xml	485604	cca8063a1e49c8655d5ac82700041c70
F	Maps/Zone_old_summer.xml	482083	3ee53145b80c9fa32d5dfc90f1be7110
F	Maps/catalog.json	1073206	3e636c9694af4f948450f26f85fd91d9
F	Maps/Подземка.xml	1032451	0728f39fc2848da9e4abe88f15d4d26d
